2025-06-27 12:42:02,944 - INFO - Starting F(k,t) processing and analysis...
2025-06-27 12:42:02,944 - INFO - Base directory: /scratch/mh7373/final_newnewnew_cavitymd
2025-06-27 12:42:02,944 - INFO - F(k,t) dt: 0.1 ps
2025-06-27 12:42:02,944 - INFO - Max F(k,t) time: 1000.0 ps (fixed)
2025-06-27 12:42:02,944 - INFO - Single experiment mode: bussi_langevin
2025-06-27 12:42:02,944 - INFO - Parallelization: 6 processes
2025-06-27 12:42:02,944 - INFO - 
============================================================
2025-06-27 12:42:02,944 - INFO - STEP 1: PROCESSING EXPERIMENTS TO CREATE MASTER F(k,t) FILES
2025-06-27 12:42:02,944 - INFO - ============================================================
2025-06-27 12:42:02,945 - INFO - Found 14 experiment directories
2025-06-27 12:42:02,945 - INFO - Using fixed time range: 0 to 1000.0 ps for all experiments
2025-06-27 12:42:02,945 - INFO - Using 6 parallel processes
2025-06-27 12:42:02,945 - INFO - Running in parallel mode with 6 processes
Processing experiments:   0%|          | 0/14 [00:00<?, ?it/s]2025-06-27 12:42:04,160 - INFO - Starting processing of bussi_langevin_no_finiteq_coupling_0epos00
2025-06-27 12:42:04,171 - INFO - Processing 1 F(k,t) ref0 groups in bussi_langevin_no_finiteq_coupling_0epos00
2025-06-27 12:42:04,178 - INFO - F(k,t) group k1.00: Using time grid: 0 to 1000.000 ps with 10001 points (dt = 0.1 ps)
2025-06-27 12:42:04,209 - INFO - Starting processing of bussi_langevin_no_finiteq_coupling_0epos00
2025-06-27 12:42:04,218 - INFO - Processing 1 F(k,t) ref0 groups in bussi_langevin_no_finiteq_coupling_0epos00
2025-06-27 12:42:04,223 - INFO - Starting processing of bussi_langevin_no_finiteq_coupling_1eneg03
2025-06-27 12:42:04,223 - INFO - Starting processing of bussi_langevin_no_finiteq_coupling_1eneg03
2025-06-27 12:42:04,225 - INFO - F(k,t) group k1.00: Using time grid: 0 to 1000.000 ps with 10001 points (dt = 0.1 ps)
2025-06-27 12:42:04,226 - INFO - Starting processing of bussi_langevin_no_finiteq_coupling_2eneg04
2025-06-27 12:42:04,234 - INFO - Starting processing of bussi_langevin_no_finiteq_coupling_2eneg04
2025-06-27 12:42:04,234 - INFO - Processing 1 F(k,t) ref0 groups in bussi_langevin_no_finiteq_coupling_1eneg03
2025-06-27 12:42:04,236 - INFO - Processing 1 F(k,t) ref0 groups in bussi_langevin_no_finiteq_coupling_1eneg03
2025-06-27 12:42:04,238 - INFO - Processing 1 F(k,t) ref0 groups in bussi_langevin_no_finiteq_coupling_2eneg04
2025-06-27 12:42:04,241 - INFO - F(k,t) group k1.00: Using time grid: 0 to 1000.000 ps with 10001 points (dt = 0.1 ps)
2025-06-27 12:42:04,243 - INFO - F(k,t) group k1.00: Using time grid: 0 to 1000.000 ps with 10001 points (dt = 0.1 ps)
2025-06-27 12:42:04,243 - INFO - Processing 1 F(k,t) ref0 groups in bussi_langevin_no_finiteq_coupling_2eneg04
2025-06-27 12:42:04,244 - INFO - F(k,t) group k1.00: Using time grid: 0 to 1000.000 ps with 10001 points (dt = 0.1 ps)
2025-06-27 12:42:04,250 - INFO - F(k,t) group k1.00: Using time grid: 0 to 1000.000 ps with 10001 points (dt = 0.1 ps)
2025-06-27 12:45:07,152 - INFO - Created master F(k,t) file: bussi_langevin_no_finiteq_coupling_0epos00/master_fskt_k1.00.txt (500 replicas)
2025-06-27 12:45:07,152 - INFO - Created master F(k,t) file: bussi_langevin_no_finiteq_coupling_0epos00/master_fskt_k1.00.txt (500 replicas)
2025-06-27 12:45:07,153 - INFO -   Valid time points: 9503/10001
2025-06-27 12:45:07,153 - INFO -   Valid time points: 9503/10001
2025-06-27 12:45:07,153 - INFO -   Time range: 0.100 - 950.300 ps
2025-06-27 12:45:07,153 - INFO -   Time range: 0.100 - 950.300 ps
2025-06-27 12:45:07,154 - INFO -   Sample count: min=1, max=500, mean=329.3
2025-06-27 12:45:07,154 - INFO -   Sample count: min=1, max=500, mean=329.3
2025-06-27 12:45:07,155 - INFO - ✅ Successfully processed bussi_langevin_no_finiteq_coupling_0epos00
2025-06-27 12:45:07,156 - INFO - ✅ Successfully processed bussi_langevin_no_finiteq_coupling_0epos00
2025-06-27 12:45:07,159 - INFO - Starting processing of bussi_langevin_no_finiteq_coupling_4eneg04
2025-06-27 12:45:07,160 - INFO - Starting processing of bussi_langevin_no_finiteq_coupling_4eneg04
2025-06-27 12:45:07,174 - INFO - Processing 1 F(k,t) ref0 groups in bussi_langevin_no_finiteq_coupling_4eneg04
2025-06-27 12:45:07,174 - INFO - Processing 1 F(k,t) ref0 groups in bussi_langevin_no_finiteq_coupling_4eneg04
2025-06-27 12:45:07,181 - INFO - F(k,t) group k1.00: Using time grid: 0 to 1000.000 ps with 10001 points (dt = 0.1 ps)
2025-06-27 12:45:07,182 - INFO - F(k,t) group k1.00: Using time grid: 0 to 1000.000 ps with 10001 points (dt = 0.1 ps)
Processing experiments:   7%|▋         | 1/14 [03:03<39:51, 183.97s/it]2025-06-27 12:45:20,281 - INFO - Created master F(k,t) file: bussi_langevin_no_finiteq_coupling_1eneg03/master_fskt_k1.00.txt (500 replicas)
2025-06-27 12:45:20,282 - INFO -   Valid time points: 9999/10001
2025-06-27 12:45:20,282 - INFO -   Time range: 0.100 - 999.900 ps
2025-06-27 12:45:20,282 - INFO -   Sample count: min=21, max=500, mean=303.9
2025-06-27 12:45:20,285 - INFO - ✅ Successfully processed bussi_langevin_no_finiteq_coupling_1eneg03
2025-06-27 12:45:20,285 - INFO - Starting processing of bussi_langevin_no_finiteq_coupling_5eneg04
Processing experiments:  21%|██▏       | 3/14 [03:17<09:38, 52.56s/it] 2025-06-27 12:45:20,290 - INFO - Created master F(k,t) file: bussi_langevin_no_finiteq_coupling_1eneg03/master_fskt_k1.00.txt (500 replicas)
2025-06-27 12:45:20,291 - INFO -   Valid time points: 9999/10001
2025-06-27 12:45:20,291 - INFO -   Time range: 0.100 - 999.900 ps
2025-06-27 12:45:20,291 - INFO -   Sample count: min=21, max=500, mean=303.9
2025-06-27 12:45:20,294 - INFO - ✅ Successfully processed bussi_langevin_no_finiteq_coupling_1eneg03
2025-06-27 12:45:20,295 - INFO - Starting processing of bussi_langevin_no_finiteq_coupling_5eneg04
2025-06-27 12:45:20,297 - INFO - Processing 1 F(k,t) ref0 groups in bussi_langevin_no_finiteq_coupling_5eneg04
2025-06-27 12:45:20,303 - INFO - Processing 1 F(k,t) ref0 groups in bussi_langevin_no_finiteq_coupling_5eneg04
2025-06-27 12:45:20,304 - INFO - F(k,t) group k1.00: Using time grid: 0 to 1000.000 ps with 10001 points (dt = 0.1 ps)
2025-06-27 12:45:20,310 - INFO - F(k,t) group k1.00: Using time grid: 0 to 1000.000 ps with 10001 points (dt = 0.1 ps)
2025-06-27 12:45:48,208 - INFO - Created master F(k,t) file: bussi_langevin_no_finiteq_coupling_2eneg04/master_fskt_k1.00.txt (500 replicas)
2025-06-27 12:45:48,208 - INFO -   Valid time points: 10001/10001
2025-06-27 12:45:48,208 - INFO - Created master F(k,t) file: bussi_langevin_no_finiteq_coupling_2eneg04/master_fskt_k1.00.txt (500 replicas)
2025-06-27 12:45:48,208 - INFO -   Valid time points: 10001/10001
2025-06-27 12:45:48,208 - INFO -   Time range: 0.000 - 1000.000 ps
2025-06-27 12:45:48,208 - INFO -   Time range: 0.000 - 1000.000 ps
2025-06-27 12:45:48,208 - INFO -   Sample count: min=1, max=500, mean=500.0
2025-06-27 12:45:48,208 - INFO -   Sample count: min=1, max=500, mean=500.0
2025-06-27 12:45:48,210 - INFO - ✅ Successfully processed bussi_langevin_no_finiteq_coupling_2eneg04
2025-06-27 12:45:48,211 - INFO - ✅ Successfully processed bussi_langevin_no_finiteq_coupling_2eneg04
2025-06-27 12:45:48,211 - INFO - Starting processing of bussi_langevin_no_finiteq_coupling_6eneg04
2025-06-27 12:45:48,212 - INFO - Starting processing of bussi_langevin_no_finiteq_coupling_6eneg04
Processing experiments:  36%|███▌      | 5/14 [03:45<04:54, 32.72s/it]2025-06-27 12:45:48,225 - INFO - Processing 1 F(k,t) ref0 groups in bussi_langevin_no_finiteq_coupling_6eneg04
2025-06-27 12:45:48,232 - INFO - F(k,t) group k1.00: Using time grid: 0 to 1000.000 ps with 10001 points (dt = 0.1 ps)
2025-06-27 12:45:48,232 - INFO - Processing 1 F(k,t) ref0 groups in bussi_langevin_no_finiteq_coupling_6eneg04
2025-06-27 12:45:48,240 - INFO - F(k,t) group k1.00: Using time grid: 0 to 1000.000 ps with 10001 points (dt = 0.1 ps)
2025-06-27 12:48:19,708 - INFO - Created master F(k,t) file: bussi_langevin_no_finiteq_coupling_5eneg04/master_fskt_k1.00.txt (500 replicas)
2025-06-27 12:48:19,708 - INFO -   Valid time points: 9999/10001
2025-06-27 12:48:19,709 - INFO -   Time range: 0.100 - 999.900 ps
2025-06-27 12:48:19,719 - INFO -   Sample count: min=2, max=500, mean=288.5
2025-06-27 12:48:19,719 - INFO - Created master F(k,t) file: bussi_langevin_no_finiteq_coupling_5eneg04/master_fskt_k1.00.txt (500 replicas)
2025-06-27 12:48:19,720 - INFO -   Valid time points: 9999/10001
2025-06-27 12:48:19,720 - INFO -   Time range: 0.100 - 999.900 ps
2025-06-27 12:48:19,720 - INFO -   Sample count: min=2, max=500, mean=288.5
2025-06-27 12:48:19,720 - INFO - ✅ Successfully processed bussi_langevin_no_finiteq_coupling_5eneg04
2025-06-27 12:48:19,723 - INFO - ✅ Successfully processed bussi_langevin_no_finiteq_coupling_5eneg04
2025-06-27 12:48:19,723 - INFO - Starting processing of bussi_langevin_no_finiteq_coupling_7eneg04
2025-06-27 12:48:19,723 - INFO - Starting processing of bussi_langevin_no_finiteq_coupling_7eneg04
2025-06-27 12:48:19,732 - INFO - Processing 1 F(k,t) ref0 groups in bussi_langevin_no_finiteq_coupling_7eneg04
2025-06-27 12:48:19,739 - INFO - F(k,t) group k1.00: Using time grid: 0 to 1000.000 ps with 10001 points (dt = 0.1 ps)
2025-06-27 12:48:19,739 - INFO - Processing 1 F(k,t) ref0 groups in bussi_langevin_no_finiteq_coupling_7eneg04
2025-06-27 12:48:19,746 - INFO - F(k,t) group k1.00: Using time grid: 0 to 1000.000 ps with 10001 points (dt = 0.1 ps)
2025-06-27 12:48:51,946 - INFO - Created master F(k,t) file: bussi_langevin_no_finiteq_coupling_4eneg04/master_fskt_k1.00.txt (500 replicas)
2025-06-27 12:48:51,947 - INFO -   Valid time points: 10000/10001
2025-06-27 12:48:51,947 - INFO -   Time range: 0.000 - 999.900 ps
2025-06-27 12:48:51,947 - INFO -   Sample count: min=500, max=500, mean=500.0
2025-06-27 12:48:51,949 - INFO - ✅ Successfully processed bussi_langevin_no_finiteq_coupling_4eneg04
Processing experiments:  50%|█████     | 7/14 [06:48<06:44, 57.77s/it]2025-06-27 12:48:51,989 - INFO - Created master F(k,t) file: bussi_langevin_no_finiteq_coupling_4eneg04/master_fskt_k1.00.txt (500 replicas)
2025-06-27 12:48:51,989 - INFO -   Valid time points: 10000/10001
2025-06-27 12:48:51,989 - INFO -   Time range: 0.000 - 999.900 ps
2025-06-27 12:48:51,989 - INFO -   Sample count: min=500, max=500, mean=500.0
2025-06-27 12:48:51,991 - INFO - ✅ Successfully processed bussi_langevin_no_finiteq_coupling_4eneg04
2025-06-27 12:49:37,156 - INFO - Created master F(k,t) file: bussi_langevin_no_finiteq_coupling_6eneg04/master_fskt_k1.00.txt (500 replicas)
2025-06-27 12:49:37,156 - INFO -   Valid time points: 10001/10001
2025-06-27 12:49:37,156 - INFO -   Time range: 0.000 - 1000.000 ps
2025-06-27 12:49:37,156 - INFO -   Sample count: min=1, max=500, mean=500.0
2025-06-27 12:49:37,158 - INFO - ✅ Successfully processed bussi_langevin_no_finiteq_coupling_6eneg04
Processing experiments:  79%|███████▊  | 11/14 [07:33<01:36, 32.33s/it]2025-06-27 12:49:37,162 - INFO - Created master F(k,t) file: bussi_langevin_no_finiteq_coupling_6eneg04/master_fskt_k1.00.txt (500 replicas)
2025-06-27 12:49:37,163 - INFO -   Valid time points: 10001/10001
2025-06-27 12:49:37,163 - INFO -   Time range: 0.000 - 1000.000 ps
2025-06-27 12:49:37,163 - INFO -   Sample count: min=1, max=500, mean=500.0
2025-06-27 12:49:37,165 - INFO - ✅ Successfully processed bussi_langevin_no_finiteq_coupling_6eneg04
2025-06-27 12:51:44,407 - INFO - Created master F(k,t) file: bussi_langevin_no_finiteq_coupling_7eneg04/master_fskt_k1.00.txt (500 replicas)
2025-06-27 12:51:44,407 - INFO - Created master F(k,t) file: bussi_langevin_no_finiteq_coupling_7eneg04/master_fskt_k1.00.txt (500 replicas)
2025-06-27 12:51:44,407 - INFO -   Valid time points: 10000/10001
2025-06-27 12:51:44,407 - INFO -   Valid time points: 10000/10001
2025-06-27 12:51:44,408 - INFO -   Time range: 0.000 - 999.900 ps
2025-06-27 12:51:44,408 - INFO -   Time range: 0.000 - 999.900 ps
2025-06-27 12:51:44,408 - INFO -   Sample count: min=120, max=500, mean=435.0
2025-06-27 12:51:44,408 - INFO -   Sample count: min=120, max=500, mean=435.0
2025-06-27 12:51:44,409 - INFO - ✅ Successfully processed bussi_langevin_no_finiteq_coupling_7eneg04
2025-06-27 12:51:44,409 - INFO - ✅ Successfully processed bussi_langevin_no_finiteq_coupling_7eneg04
Processing experiments:  93%|█████████▎| 13/14 [09:41<00:41, 41.13s/it]Processing experiments: 100%|██████████| 14/14 [09:41<00:00, 41.52s/it]
2025-06-27 12:51:44,523 - INFO - 
============================================================
2025-06-27 12:51:44,523 - INFO - PROCESSING COMPLETE
2025-06-27 12:51:44,523 - INFO - ============================================================
2025-06-27 12:51:44,523 - INFO - Total experiments processed: 14
2025-06-27 12:51:44,523 - INFO - F(k,t) master files created: 14
2025-06-27 12:51:44,523 - INFO - Overall success rate: 100.0%
2025-06-27 12:51:44,523 - INFO - Successful experiments: bussi_langevin_no_finiteq_coupling_0epos00, bussi_langevin_no_finiteq_coupling_0epos00, bussi_langevin_no_finiteq_coupling_1eneg03, bussi_langevin_no_finiteq_coupling_1eneg03, bussi_langevin_no_finiteq_coupling_2eneg04, bussi_langevin_no_finiteq_coupling_2eneg04, bussi_langevin_no_finiteq_coupling_4eneg04, bussi_langevin_no_finiteq_coupling_4eneg04, bussi_langevin_no_finiteq_coupling_5eneg04, bussi_langevin_no_finiteq_coupling_5eneg04, bussi_langevin_no_finiteq_coupling_6eneg04, bussi_langevin_no_finiteq_coupling_6eneg04, bussi_langevin_no_finiteq_coupling_7eneg04, bussi_langevin_no_finiteq_coupling_7eneg04
2025-06-27 12:51:44,523 - INFO - 
============================================================
2025-06-27 12:51:44,524 - INFO - STEP 2: RUNNING F(k,t) ANALYSIS AND GENERATING PLOTS
2025-06-27 12:51:44,524 - INFO - ============================================================
2025-06-27 12:51:44,524 - INFO - Starting F(k,t) analysis...
2025-06-27 12:51:44,524 - INFO - Using fixed time range for all experiments: 0 to 1000.000 ps
2025-06-27 12:51:44,524 - INFO - Checking experiment status:
2025-06-27 12:51:44,531 - INFO -   bussi_langevin_no_finiteq_coupling_0epos00: Found 2 F(k,t) files, time range: 0 to 1000.000 ps
2025-06-27 12:51:44,532 - WARNING -   bussi_langevin_no_finiteq_coupling_1eneg04: Directory does not exist
2025-06-27 12:51:44,538 - INFO -   bussi_langevin_no_finiteq_coupling_2eneg04: Found 2 F(k,t) files, time range: 0 to 1000.000 ps
2025-06-27 12:51:44,538 - WARNING -   bussi_langevin_no_finiteq_coupling_3eneg04: Directory does not exist
2025-06-27 12:51:44,544 - INFO -   bussi_langevin_no_finiteq_coupling_4eneg04: Found 2 F(k,t) files, time range: 0 to 1000.000 ps
2025-06-27 12:51:44,549 - INFO -   bussi_langevin_no_finiteq_coupling_5eneg04: Found 2 F(k,t) files, time range: 0 to 1000.000 ps
2025-06-27 12:51:44,554 - INFO -   bussi_langevin_no_finiteq_coupling_1eneg03: Found 2 F(k,t) files, time range: 0 to 1000.000 ps
2025-06-27 12:51:44,554 - INFO - Processing experiment: bussi_langevin_no_finiteq_coupling_0epos00
2025-06-27 12:51:44,734 - INFO -   bussi_langevin_no_finiteq_coupling_0epos00: Using 19006/19006 data points, available time range: 0 to 950.300 ps, using up to: 1000.000 ps
2025-06-27 12:51:44,734 - INFO - Successfully processed bussi_langevin_no_finiteq_coupling_0epos00
2025-06-27 12:51:44,734 - INFO - Processing experiment: bussi_langevin_no_finiteq_coupling_1eneg04
2025-06-27 12:51:44,734 - INFO - Processing experiment: bussi_langevin_no_finiteq_coupling_2eneg04
2025-06-27 12:51:44,786 - INFO -   bussi_langevin_no_finiteq_coupling_2eneg04: Using 20002/20002 data points, available time range: 0 to 1000.000 ps, using up to: 1000.000 ps
2025-06-27 12:51:44,786 - INFO - Successfully processed bussi_langevin_no_finiteq_coupling_2eneg04
2025-06-27 12:51:44,786 - INFO - Processing experiment: bussi_langevin_no_finiteq_coupling_3eneg04
2025-06-27 12:51:44,786 - INFO - Processing experiment: bussi_langevin_no_finiteq_coupling_4eneg04
2025-06-27 12:51:44,827 - INFO -   bussi_langevin_no_finiteq_coupling_4eneg04: Using 20000/20000 data points, available time range: 0 to 999.900 ps, using up to: 1000.000 ps
2025-06-27 12:51:44,827 - INFO - Successfully processed bussi_langevin_no_finiteq_coupling_4eneg04
2025-06-27 12:51:44,828 - INFO - Processing experiment: bussi_langevin_no_finiteq_coupling_5eneg04
2025-06-27 12:51:44,876 - INFO -   bussi_langevin_no_finiteq_coupling_5eneg04: Using 19998/19998 data points, available time range: 0 to 999.900 ps, using up to: 1000.000 ps
2025-06-27 12:51:44,876 - INFO - Successfully processed bussi_langevin_no_finiteq_coupling_5eneg04
2025-06-27 12:51:44,876 - INFO - Processing experiment: bussi_langevin_no_finiteq_coupling_1eneg03
2025-06-27 12:51:44,927 - INFO -   bussi_langevin_no_finiteq_coupling_1eneg03: Using 19998/19998 data points, available time range: 0 to 999.900 ps, using up to: 1000.000 ps
2025-06-27 12:51:44,928 - INFO - Successfully processed bussi_langevin_no_finiteq_coupling_1eneg03
2025-06-27 12:51:44,928 - INFO - Successfully processed 5/7 experiments
2025-06-27 12:51:44,928 - INFO - Creating single experiment comparison for: bussi_langevin
2025-06-27 12:51:44,928 - INFO - Generating single experiment coupling comparison for: bussi_langevin
2025-06-27 12:51:46,631 - INFO - Saved single experiment coupling comparison: /scratch/mh7373/final_newnewnew_cavitymd/fskt_single_bussi-langevin_coupling_comparison.png
2025-06-27 12:51:46,631 - INFO - F(k,t) analysis complete!
2025-06-27 12:51:46,631 - INFO - 
============================================================
2025-06-27 12:51:46,631 - INFO - F(k,t) PROCESSING AND ANALYSIS COMPLETE!
2025-06-27 12:51:46,631 - INFO - ============================================================
2025-06-27 12:51:46,631 - INFO - Total execution time: 583.69 seconds
2025-06-27 12:51:46,631 - INFO - Generated files:
2025-06-27 12:51:46,631 - INFO -   - master_fskt_k*.txt (in each experiment folder)
2025-06-27 12:51:46,631 - INFO -   - fskt_single_bussi-langevin_coupling_comparison.png (single experiment coupling comparison)
