--- Logging error ---
Traceback (most recent call last):
  File "/scratch/mh7373/micromamba/envs/hoomd/lib/python3.12/logging/__init__.py", line 1164, in emit
    self.flush()
  File "/scratch/mh7373/micromamba/envs/hoomd/lib/python3.12/logging/__init__.py", line 1144, in flush
    self.stream.flush()
OSError: [Errno 122] Disk quota exceeded
Call stack:
  File "/scratch/mh7373/cav-hoomd/new_final_offres/05_advanced_run.py", line 509, in <module>
    sys.exit(main())
  File "/scratch/mh7373/cav-hoomd/new_final_offres/05_advanced_run.py", line 425, in main
    success = run_single_experiment(
  File "/scratch/mh7373/cav-hoomd/new_final_offres/05_advanced_run.py", line 230, in run_single_experiment
    return sim.run() == 0  # Return True for success (exit code 0)
  File "/scratch/mh7373/micromamba/envs/hoomd/lib/python3.12/site-packages/hoomd/cavitymd/simulation/core.py", line 4704, in run
    forces = self.setup_force_parameters(self.dt)
  File "/scratch/mh7373/micromamba/envs/hoomd/lib/python3.12/site-packages/hoomd/cavitymd/simulation/core.py", line 2185, in setup_force_parameters
    coupling_variant = self._create_coupling_variant()
  File "/scratch/mh7373/micromamba/envs/hoomd/lib/python3.12/site-packages/hoomd/cavitymd/simulation/core.py", line 1772, in _create_coupling_variant
    self.log_info(f"Using lambda_coupling={base_coupling} (will be scaled by omega_c={self.omegac:.6f} a.u.)")
  File "/scratch/mh7373/micromamba/envs/hoomd/lib/python3.12/site-packages/hoomd/cavitymd/simulation/core.py", line 1741, in log_info
    self.logger.info(message)
Message: 'Using lambda_coupling=0.042 (will be scaled by omega_c=0.004830 a.u.)'
Arguments: ()
--- Logging error ---
Traceback (most recent call last):
  File "/scratch/mh7373/micromamba/envs/hoomd/lib/python3.12/logging/__init__.py", line 1164, in emit
    self.flush()
  File "/scratch/mh7373/micromamba/envs/hoomd/lib/python3.12/logging/__init__.py", line 1144, in flush
    self.stream.flush()
OSError: [Errno 122] Disk quota exceeded
Call stack:
  File "/scratch/mh7373/cav-hoomd/new_final_offres/05_advanced_run.py", line 509, in <module>
    sys.exit(main())
  File "/scratch/mh7373/cav-hoomd/new_final_offres/05_advanced_run.py", line 425, in main
    success = run_single_experiment(
  File "/scratch/mh7373/cav-hoomd/new_final_offres/05_advanced_run.py", line 230, in run_single_experiment
    return sim.run() == 0  # Return True for success (exit code 0)
  File "/scratch/mh7373/micromamba/envs/hoomd/lib/python3.12/site-packages/hoomd/cavitymd/simulation/core.py", line 4704, in run
    forces = self.setup_force_parameters(self.dt)
  File "/scratch/mh7373/micromamba/envs/hoomd/lib/python3.12/site-packages/hoomd/cavitymd/simulation/core.py", line 2185, in setup_force_parameters
    coupling_variant = self._create_coupling_variant()
  File "/scratch/mh7373/micromamba/envs/hoomd/lib/python3.12/site-packages/hoomd/cavitymd/simulation/core.py", line 1788, in _create_coupling_variant
    self.log_info(f"Using constant coupling: lambda={base_coupling}, epsilon={epsilon:.6e} a.u.")
  File "/scratch/mh7373/micromamba/envs/hoomd/lib/python3.12/site-packages/hoomd/cavitymd/simulation/core.py", line 1741, in log_info
    self.logger.info(message)
Message: 'Using constant coupling: lambda=0.042, epsilon=2.028480e-04 a.u.'
Arguments: ()
--- Logging error ---
Traceback (most recent call last):
  File "/scratch/mh7373/micromamba/envs/hoomd/lib/python3.12/logging/__init__.py", line 1164, in emit
    self.flush()
  File "/scratch/mh7373/micromamba/envs/hoomd/lib/python3.12/logging/__init__.py", line 1144, in flush
    self.stream.flush()
OSError: [Errno 122] Disk quota exceeded
Call stack:
  File "/scratch/mh7373/cav-hoomd/new_final_offres/05_advanced_run.py", line 509, in <module>
    sys.exit(main())
  File "/scratch/mh7373/cav-hoomd/new_final_offres/05_advanced_run.py", line 425, in main
    success = run_single_experiment(
--- Logging error ---
--- Logging error ---
--- Logging error ---
--- Logging error ---
--- Logging error ---
Traceback (most recent call last):
  File "/scratch/mh7373/micromamba/envs/hoomd/lib/python3.12/logging/__init__.py", line 1164, in emit
    self.flush()
  File "/scratch/mh7373/micromamba/envs/hoomd/lib/python3.12/logging/__init__.py", line 1144, in flush
    self.stream.flush()
OSError: [Errno 122] Disk quota exceeded
Call stack:
  File "/scratch/mh7373/cav-hoomd/new_final_offres/05_advanced_run.py", line 509, in <module>
    sys.exit(main())
  File "/scratch/mh7373/cav-hoomd/new_final_offres/05_advanced_run.py", line 425, in main
    success = run_single_experiment(
  File "/scratch/mh7373/cav-hoomd/new_final_offres/05_advanced_run.py", line 230, in run_single_experiment
    return sim.run() == 0  # Return True for success (exit code 0)
  File "/scratch/mh7373/micromamba/envs/hoomd/lib/python3.12/site-packages/hoomd/cavitymd/simulation/core.py", line 4705, in run
    molecular_method, cavity_method, thermostat_refs = self.setup_thermostat_parameters(self.dt)
  File "/scratch/mh7373/micromamba/envs/hoomd/lib/python3.12/site-packages/hoomd/cavitymd/simulation/core.py", line 2318, in setup_thermostat_parameters
    self.log_info("Running cavity with Langevin thermostat")
  File "/scratch/mh7373/micromamba/envs/hoomd/lib/python3.12/site-packages/hoomd/cavitymd/simulation/core.py", line 1741, in log_info
    self.logger.info(message)
Message: 'Running cavity with Langevin thermostat'
Arguments: ()
--- Logging error ---
Traceback (most recent call last):
  File "/scratch/mh7373/micromamba/envs/hoomd/lib/python3.12/logging/__init__.py", line 1164, in emit
    self.flush()
  File "/scratch/mh7373/micromamba/envs/hoomd/lib/python3.12/logging/__init__.py", line 1144, in flush
    self.stream.flush()
OSError: [Errno 122] Disk quota exceeded
Call stack:
  File "/scratch/mh7373/cav-hoomd/new_final_offres/05_advanced_run.py", line 509, in <module>
    sys.exit(main())
  File "/scratch/mh7373/cav-hoomd/new_final_offres/05_advanced_run.py", line 425, in main
    success = run_single_experiment(
  File "/scratch/mh7373/cav-hoomd/new_final_offres/05_advanced_run.py", line 230, in run_single_experiment
    return sim.run() == 0  # Return True for success (exit code 0)
  File "/scratch/mh7373/micromamba/envs/hoomd/lib/python3.12/site-packages/hoomd/cavitymd/simulation/core.py", line 4705, in run
    molecular_method, cavity_method, thermostat_refs = self.setup_thermostat_parameters(self.dt)
  File "/scratch/mh7373/micromamba/envs/hoomd/lib/python3.12/site-packages/hoomd/cavitymd/simulation/core.py", line 2324, in setup_thermostat_parameters
    self.log_info(f"Cavity Langevin thermostat configured: T = {self.temperature:.1f} K, kT = {kT:.6f} a.u.")
  File "/scratch/mh7373/micromamba/envs/hoomd/lib/python3.12/site-packages/hoomd/cavitymd/simulation/core.py", line 1741, in log_info
    self.logger.info(message)
Message: 'Cavity Langevin thermostat configured: T = 100.0 K, kT = 0.000317 a.u.'
Arguments: ()
--- Logging error ---
Traceback (most recent call last):
  File "/scratch/mh7373/micromamba/envs/hoomd/lib/python3.12/logging/__init__.py", line 1164, in emit
    self.flush()
  File "/scratch/mh7373/micromamba/envs/hoomd/lib/python3.12/logging/__init__.py", line 1144, in flush
    self.stream.flush()
OSError: [Errno 122] Disk quota exceeded
Call stack:
  File "/scratch/mh7373/cav-hoomd/new_final_offres/05_advanced_run.py", line 509, in <module>
    sys.exit(main())
  File "/scratch/mh7373/cav-hoomd/new_final_offres/05_advanced_run.py", line 425, in main
    success = run_single_experiment(
  File "/scratch/mh7373/cav-hoomd/new_final_offres/05_advanced_run.py", line 230, in run_single_experiment
    return sim.run() == 0  # Return True for success (exit code 0)
  File "/scratch/mh7373/micromamba/envs/hoomd/lib/python3.12/site-packages/hoomd/cavitymd/simulation/core.py", line 4705, in run
    molecular_method, cavity_method, thermostat_refs = self.setup_thermostat_parameters(self.dt)
  File "/scratch/mh7373/micromamba/envs/hoomd/lib/python3.12/site-packages/hoomd/cavitymd/simulation/core.py", line 2325, in setup_thermostat_parameters
    self.log_info(f"  base_gamma = {base_gamma:.6f} a.u.^-1 (tau = {self.cavity_thermostat_tau:.3f} ps)")
  File "/scratch/mh7373/micromamba/envs/hoomd/lib/python3.12/site-packages/hoomd/cavitymd/simulation/core.py", line 1741, in log_info
    self.logger.info(message)
Message: '  base_gamma = 0.000024 a.u.^-1 (tau = 1.000 ps)'
Arguments: ()
--- Logging error ---
Traceback (most recent call last):
  File "/scratch/mh7373/micromamba/envs/hoomd/lib/python3.12/logging/__init__.py", line 1164, in emit
    self.flush()
  File "/scratch/mh7373/micromamba/envs/hoomd/lib/python3.12/logging/__init__.py", line 1144, in flush
    self.stream.flush()
OSError: [Errno 122] Disk quota exceeded
Call stack:
  File "/scratch/mh7373/cav-hoomd/new_final_offres/05_advanced_run.py", line 509, in <module>
    sys.exit(main())
  File "/scratch/mh7373/cav-hoomd/new_final_offres/05_advanced_run.py", line 425, in main
    success = run_single_experiment(
  File "/scratch/mh7373/cav-hoomd/new_final_offres/05_advanced_run.py", line 230, in run_single_experiment
    return sim.run() == 0  # Return True for success (exit code 0)
  File "/scratch/mh7373/micromamba/envs/hoomd/lib/python3.12/site-packages/hoomd/cavitymd/simulation/core.py", line 4705, in run
    molecular_method, cavity_method, thermostat_refs = self.setup_thermostat_parameters(self.dt)
  File "/scratch/mh7373/micromamba/envs/hoomd/lib/python3.12/site-packages/hoomd/cavitymd/simulation/core.py", line 2326, in setup_thermostat_parameters
    self.log_info(f"  effective_gamma = {cavity_gamma:.6f} a.u.^-1 (damping_factor = {self.cavity_damping_factor:.1f}x)")
  File "/scratch/mh7373/micromamba/envs/hoomd/lib/python3.12/site-packages/hoomd/cavitymd/simulation/core.py", line 1741, in log_info
    self.logger.info(message)
Message: '  effective_gamma = 0.000024 a.u.^-1 (damping_factor = 1.0x)'
Arguments: ()
--- Logging error ---
Traceback (most recent call last):
  File "/scratch/mh7373/micromamba/envs/hoomd/lib/python3.12/logging/__init__.py", line 1164, in emit
    self.flush()
  File "/scratch/mh7373/micromamba/envs/hoomd/lib/python3.12/logging/__init__.py", line 1144, in flush
    self.stream.flush()
OSError: [Errno 122] Disk quota exceeded
Call stack:
  File "/scratch/mh7373/cav-hoomd/new_final_offres/05_advanced_run.py", line 509, in <module>
    sys.exit(main())
  File "/scratch/mh7373/cav-hoomd/new_final_offres/05_advanced_run.py", line 425, in main
    success = run_single_experiment(
  File "/scratch/mh7373/cav-hoomd/new_final_offres/05_advanced_run.py", line 230, in run_single_experiment
    return sim.run() == 0  # Return True for success (exit code 0)
  File "/scratch/mh7373/micromamba/envs/hoomd/lib/python3.12/site-packages/hoomd/cavitymd/simulation/core.py", line 4724, in run
    self.log_info("=== Phase 3: Setting up integrator and thermalization ===")
  File "/scratch/mh7373/micromamba/envs/hoomd/lib/python3.12/site-packages/hoomd/cavitymd/simulation/core.py", line 1741, in log_info
    self.logger.info(message)
Message: '=== Phase 3: Setting up integrator and thermalization ==='
Arguments: ()
--- Logging error ---
Traceback (most recent call last):
  File "/scratch/mh7373/micromamba/envs/hoomd/lib/python3.12/logging/__init__.py", line 1164, in emit
    self.flush()
  File "/scratch/mh7373/micromamba/envs/hoomd/lib/python3.12/logging/__init__.py", line 1144, in flush
    self.stream.flush()
OSError: [Errno 122] Disk quota exceeded
Call stack:
  File "/scratch/mh7373/cav-hoomd/new_final_offres/05_advanced_run.py", line 509, in <module>
    sys.exit(main())
  File "/scratch/mh7373/cav-hoomd/new_final_offres/05_advanced_run.py", line 425, in main
    success = run_single_experiment(
  File "/scratch/mh7373/cav-hoomd/new_final_offres/05_advanced_run.py", line 230, in run_single_experiment
    return sim.run() == 0  # Return True for success (exit code 0)
  File "/scratch/mh7373/micromamba/envs/hoomd/lib/python3.12/site-packages/hoomd/cavitymd/simulation/core.py", line 4728, in run
    self.setup_integrator(forces, methods)
  File "/scratch/mh7373/micromamba/envs/hoomd/lib/python3.12/site-packages/hoomd/cavitymd/simulation/core.py", line 2351, in setup_integrator
    self.log_info(f"Integrator configured with initial dt = {self.dt:.6f} a.u. ({self.dt_ps:.6f} ps)")
  File "/scratch/mh7373/micromamba/envs/hoomd/lib/python3.12/site-packages/hoomd/cavitymd/simulation/core.py", line 1741, in log_info
    self.logger.info(message)
Message: 'Integrator configured with initial dt = 4.134138 a.u. (0.000100 ps)'
Arguments: ()
--- Logging error ---
Traceback (most recent call last):
  File "/scratch/mh7373/micromamba/envs/hoomd/lib/python3.12/logging/__init__.py", line 1164, in emit
    self.flush()
  File "/scratch/mh7373/micromamba/envs/hoomd/lib/python3.12/logging/__init__.py", line 1144, in flush
    self.stream.flush()
OSError: [Errno 122] Disk quota exceeded
Call stack:
  File "/scratch/mh7373/cav-hoomd/new_final_offres/05_advanced_run.py", line 509, in <module>
    sys.exit(main())
  File "/scratch/mh7373/cav-hoomd/new_final_offres/05_advanced_run.py", line 425, in main
    success = run_single_experiment(
  File "/scratch/mh7373/cav-hoomd/new_final_offres/05_advanced_run.py", line 230, in run_single_experiment
    return sim.run() == 0  # Return True for success (exit code 0)
  File "/scratch/mh7373/micromamba/envs/hoomd/lib/python3.12/site-packages/hoomd/cavitymd/simulation/core.py", line 4728, in run
    self.setup_integrator(forces, methods)
  File "/scratch/mh7373/micromamba/envs/hoomd/lib/python3.12/site-packages/hoomd/cavitymd/simulation/core.py", line 2352, in setup_integrator
    self.log_info(f"Number of integration methods: {len(valid_methods)}")
  File "/scratch/mh7373/micromamba/envs/hoomd/lib/python3.12/site-packages/hoomd/cavitymd/simulation/core.py", line 1741, in log_info
    self.logger.info(message)
Message: 'Number of integration methods: 2'
Arguments: ()
--- Logging error ---
Traceback (most recent call last):
  File "/scratch/mh7373/micromamba/envs/hoomd/lib/python3.12/logging/__init__.py", line 1164, in emit
    self.flush()
  File "/scratch/mh7373/micromamba/envs/hoomd/lib/python3.12/logging/__init__.py", line 1144, in flush
    self.stream.flush()
OSError: [Errno 122] Disk quota exceeded
Call stack:
  File "/scratch/mh7373/cav-hoomd/new_final_offres/05_advanced_run.py", line 509, in <module>
    sys.exit(main())
  File "/scratch/mh7373/cav-hoomd/new_final_offres/05_advanced_run.py", line 425, in main
    success = run_single_experiment(
  File "/scratch/mh7373/cav-hoomd/new_final_offres/05_advanced_run.py", line 230, in run_single_experiment
    return sim.run() == 0  # Return True for success (exit code 0)
  File "/scratch/mh7373/micromamba/envs/hoomd/lib/python3.12/site-packages/hoomd/cavitymd/simulation/core.py", line 4728, in run
    self.setup_integrator(forces, methods)
  File "/scratch/mh7373/micromamba/envs/hoomd/lib/python3.12/site-packages/hoomd/cavitymd/simulation/core.py", line 2482, in setup_integrator
    self.log_info("CavityParticleDisplacer not needed (constant coupling or q=0 mode)")
  File "/scratch/mh7373/micromamba/envs/hoomd/lib/python3.12/site-packages/hoomd/cavitymd/simulation/core.py", line 1741, in log_info
    self.logger.info(message)
Message: 'CavityParticleDisplacer not needed (constant coupling or q=0 mode)'
Arguments: ()
--- Logging error ---
Traceback (most recent call last):
  File "/scratch/mh7373/micromamba/envs/hoomd/lib/python3.12/logging/__init__.py", line 1164, in emit
    self.flush()
  File "/scratch/mh7373/micromamba/envs/hoomd/lib/python3.12/logging/__init__.py", line 1144, in flush
    self.stream.flush()
OSError: [Errno 122] Disk quota exceeded
Call stack:
  File "/scratch/mh7373/cav-hoomd/new_final_offres/05_advanced_run.py", line 509, in <module>
    sys.exit(main())
  File "/scratch/mh7373/cav-hoomd/new_final_offres/05_advanced_run.py", line 425, in main
    success = run_single_experiment(
  File "/scratch/mh7373/cav-hoomd/new_final_offres/05_advanced_run.py", line 230, in run_single_experiment
    return sim.run() == 0  # Return True for success (exit code 0)
  File "/scratch/mh7373/micromamba/envs/hoomd/lib/python3.12/site-packages/hoomd/cavitymd/simulation/core.py", line 4729, in run
    self.thermalize_system()
  File "/scratch/mh7373/micromamba/envs/hoomd/lib/python3.12/site-packages/hoomd/cavitymd/simulation/core.py", line 2549, in thermalize_system
    self.log_info(f"Using seed {self.seed + 1} for thermalization randomness")
  File "/scratch/mh7373/micromamba/envs/hoomd/lib/python3.12/site-packages/hoomd/cavitymd/simulation/core.py", line 1741, in log_info
    self.logger.info(message)
Message: 'Using seed 1 for thermalization randomness'
Arguments: ()
--- Logging error ---
Traceback (most recent call last):
  File "/scratch/mh7373/micromamba/envs/hoomd/lib/python3.12/logging/__init__.py", line 1164, in emit
    self.flush()
  File "/scratch/mh7373/micromamba/envs/hoomd/lib/python3.12/logging/__init__.py", line 1144, in flush
    self.stream.flush()
OSError: [Errno 122] Disk quota exceeded
Call stack:
  File "/scratch/mh7373/cav-hoomd/new_final_offres/05_advanced_run.py", line 509, in <module>
    sys.exit(main())
  File "/scratch/mh7373/cav-hoomd/new_final_offres/05_advanced_run.py", line 425, in main
    success = run_single_experiment(
  File "/scratch/mh7373/cav-hoomd/new_final_offres/05_advanced_run.py", line 230, in run_single_experiment
    return sim.run() == 0  # Return True for success (exit code 0)
  File "/scratch/mh7373/micromamba/envs/hoomd/lib/python3.12/site-packages/hoomd/cavitymd/simulation/core.py", line 4729, in run
    self.thermalize_system()
  File "/scratch/mh7373/micromamba/envs/hoomd/lib/python3.12/site-packages/hoomd/cavitymd/simulation/core.py", line 2556, in thermalize_system
    self.log_info("Thermalized molecular particles using HOOMD State object")
  File "/scratch/mh7373/micromamba/envs/hoomd/lib/python3.12/site-packages/hoomd/cavitymd/simulation/core.py", line 1741, in log_info
    self.logger.info(message)
Message: 'Thermalized molecular particles using HOOMD State object'
Arguments: ()
--- Logging error ---
Traceback (most recent call last):
  File "/scratch/mh7373/micromamba/envs/hoomd/lib/python3.12/logging/__init__.py", line 1164, in emit
    self.flush()
  File "/scratch/mh7373/micromamba/envs/hoomd/lib/python3.12/logging/__init__.py", line 1144, in flush
    self.stream.flush()
OSError: [Errno 122] Disk quota exceeded
Call stack:
  File "/scratch/mh7373/cav-hoomd/new_final_offres/05_advanced_run.py", line 509, in <module>
    sys.exit(main())
  File "/scratch/mh7373/cav-hoomd/new_final_offres/05_advanced_run.py", line 425, in main
    success = run_single_experiment(
  File "/scratch/mh7373/cav-hoomd/new_final_offres/05_advanced_run.py", line 230, in run_single_experiment
    return sim.run() == 0  # Return True for success (exit code 0)
  File "/scratch/mh7373/micromamba/envs/hoomd/lib/python3.12/site-packages/hoomd/cavitymd/simulation/core.py", line 4729, in run
    self.thermalize_system()
  File "/scratch/mh7373/micromamba/envs/hoomd/lib/python3.12/site-packages/hoomd/cavitymd/simulation/core.py", line 2559, in thermalize_system
    self._thermalize_cavity_particle_manually(kT)
  File "/scratch/mh7373/micromamba/envs/hoomd/lib/python3.12/site-packages/hoomd/cavitymd/simulation/core.py", line 2630, in _thermalize_cavity_particle_manually
    self.log_info(f"Cavity particle manually thermalized:")
  File "/scratch/mh7373/micromamba/envs/hoomd/lib/python3.12/site-packages/hoomd/cavitymd/simulation/core.py", line 1741, in log_info
    self.logger.info(message)
Message: 'Cavity particle manually thermalized:'
Arguments: ()
--- Logging error ---
Traceback (most recent call last):
  File "/scratch/mh7373/micromamba/envs/hoomd/lib/python3.12/logging/__init__.py", line 1164, in emit
    self.flush()
  File "/scratch/mh7373/micromamba/envs/hoomd/lib/python3.12/logging/__init__.py", line 1144, in flush
    self.stream.flush()
OSError: [Errno 122] Disk quota exceeded
Call stack:
  File "/scratch/mh7373/cav-hoomd/new_final_offres/05_advanced_run.py", line 509, in <module>
    sys.exit(main())
  File "/scratch/mh7373/cav-hoomd/new_final_offres/05_advanced_run.py", line 425, in main
    success = run_single_experiment(
  File "/scratch/mh7373/cav-hoomd/new_final_offres/05_advanced_run.py", line 230, in run_single_experiment
    return sim.run() == 0  # Return True for success (exit code 0)
  File "/scratch/mh7373/micromamba/envs/hoomd/lib/python3.12/site-packages/hoomd/cavitymd/simulation/core.py", line 4729, in run
    self.thermalize_system()
  File "/scratch/mh7373/micromamba/envs/hoomd/lib/python3.12/site-packages/hoomd/cavitymd/simulation/core.py", line 2559, in thermalize_system
    self._thermalize_cavity_particle_manually(kT)
  File "/scratch/mh7373/micromamba/envs/hoomd/lib/python3.12/site-packages/hoomd/cavitymd/simulation/core.py", line 2631, in _thermalize_cavity_particle_manually
    self.log_info(f"  Target temperature: {self.temperature:.1f} K")
  File "/scratch/mh7373/micromamba/envs/hoomd/lib/python3.12/site-packages/hoomd/cavitymd/simulation/core.py", line 1741, in log_info
    self.logger.info(message)
Message: '  Target temperature: 100.0 K'
Arguments: ()
--- Logging error ---
Traceback (most recent call last):
  File "/scratch/mh7373/micromamba/envs/hoomd/lib/python3.12/logging/__init__.py", line 1164, in emit
    self.flush()
  File "/scratch/mh7373/micromamba/envs/hoomd/lib/python3.12/logging/__init__.py", line 1144, in flush
    self.stream.flush()
OSError: [Errno 122] Disk quota exceeded
Call stack:
  File "/scratch/mh7373/cav-hoomd/new_final_offres/05_advanced_run.py", line 509, in <module>
    sys.exit(main())
  File "/scratch/mh7373/cav-hoomd/new_final_offres/05_advanced_run.py", line 425, in main
    success = run_single_experiment(
  File "/scratch/mh7373/cav-hoomd/new_final_offres/05_advanced_run.py", line 230, in run_single_experiment
    return sim.run() == 0  # Return True for success (exit code 0)
  File "/scratch/mh7373/micromamba/envs/hoomd/lib/python3.12/site-packages/hoomd/cavitymd/simulation/core.py", line 4729, in run
    self.thermalize_system()
  File "/scratch/mh7373/micromamba/envs/hoomd/lib/python3.12/site-packages/hoomd/cavitymd/simulation/core.py", line 2559, in thermalize_system
    self._thermalize_cavity_particle_manually(kT)
  File "/scratch/mh7373/micromamba/envs/hoomd/lib/python3.12/site-packages/hoomd/cavitymd/simulation/core.py", line 2632, in _thermalize_cavity_particle_manually
    self.log_info(f"  Initial velocity: {cavity_velocity_np}")
  File "/scratch/mh7373/micromamba/envs/hoomd/lib/python3.12/site-packages/hoomd/cavitymd/simulation/core.py", line 1741, in log_info
    self.logger.info(message)
Message: '  Initial velocity: [ 0.02890696 -0.01088686 -0.00939938]'
Arguments: ()
--- Logging error ---
Traceback (most recent call last):
  File "/scratch/mh7373/micromamba/envs/hoomd/lib/python3.12/logging/__init__.py", line 1164, in emit
    self.flush()
  File "/scratch/mh7373/micromamba/envs/hoomd/lib/python3.12/logging/__init__.py", line 1144, in flush
    self.stream.flush()
OSError: [Errno 122] Disk quota exceeded
Call stack:
  File "/scratch/mh7373/cav-hoomd/new_final_offres/05_advanced_run.py", line 509, in <module>
    sys.exit(main())
  File "/scratch/mh7373/cav-hoomd/new_final_offres/05_advanced_run.py", line 425, in main
    success = run_single_experiment(
  File "/scratch/mh7373/cav-hoomd/new_final_offres/05_advanced_run.py", line 230, in run_single_experiment
    return sim.run() == 0  # Return True for success (exit code 0)
  File "/scratch/mh7373/micromamba/envs/hoomd/lib/python3.12/site-packages/hoomd/cavitymd/simulation/core.py", line 4729, in run
    self.thermalize_system()
  File "/scratch/mh7373/micromamba/envs/hoomd/lib/python3.12/site-packages/hoomd/cavitymd/simulation/core.py", line 2559, in thermalize_system
    self._thermalize_cavity_particle_manually(kT)
  File "/scratch/mh7373/micromamba/envs/hoomd/lib/python3.12/site-packages/hoomd/cavitymd/simulation/core.py", line 2633, in _thermalize_cavity_particle_manually
    self.log_info(f"  Expected KE: {expected_ke:.6f} a.u.")
  File "/scratch/mh7373/micromamba/envs/hoomd/lib/python3.12/site-packages/hoomd/cavitymd/simulation/core.py", line 1741, in log_info
    self.logger.info(message)
Message: '  Expected KE: 0.000521 a.u.'
Arguments: ()
--- Logging error ---
Traceback (most recent call last):
  File "/scratch/mh7373/micromamba/envs/hoomd/lib/python3.12/logging/__init__.py", line 1164, in emit
    self.flush()
  File "/scratch/mh7373/micromamba/envs/hoomd/lib/python3.12/logging/__init__.py", line 1144, in flush
    self.stream.flush()
OSError: [Errno 122] Disk quota exceeded
Call stack:
  File "/scratch/mh7373/cav-hoomd/new_final_offres/05_advanced_run.py", line 509, in <module>
    sys.exit(main())
  File "/scratch/mh7373/cav-hoomd/new_final_offres/05_advanced_run.py", line 425, in main
    success = run_single_experiment(
  File "/scratch/mh7373/cav-hoomd/new_final_offres/05_advanced_run.py", line 230, in run_single_experiment
    return sim.run() == 0  # Return True for success (exit code 0)
  File "/scratch/mh7373/micromamba/envs/hoomd/lib/python3.12/site-packages/hoomd/cavitymd/simulation/core.py", line 4729, in run
    self.thermalize_system()
  File "/scratch/mh7373/micromamba/envs/hoomd/lib/python3.12/site-packages/hoomd/cavitymd/simulation/core.py", line 2559, in thermalize_system
    self._thermalize_cavity_particle_manually(kT)
  File "/scratch/mh7373/micromamba/envs/hoomd/lib/python3.12/site-packages/hoomd/cavitymd/simulation/core.py", line 2634, in _thermalize_cavity_particle_manually
    self.log_info(f"  Expected temperature: {expected_temp:.1f} K")
  File "/scratch/mh7373/micromamba/envs/hoomd/lib/python3.12/site-packages/hoomd/cavitymd/simulation/core.py", line 1741, in log_info
    self.logger.info(message)
Message: '  Expected temperature: 109.7 K'
Arguments: ()
--- Logging error ---
Traceback (most recent call last):
  File "/scratch/mh7373/micromamba/envs/hoomd/lib/python3.12/logging/__init__.py", line 1164, in emit
    self.flush()
  File "/scratch/mh7373/micromamba/envs/hoomd/lib/python3.12/logging/__init__.py", line 1144, in flush
    self.stream.flush()
OSError: [Errno 122] Disk quota exceeded
Call stack:
  File "/scratch/mh7373/cav-hoomd/new_final_offres/05_advanced_run.py", line 509, in <module>
    sys.exit(main())
  File "/scratch/mh7373/cav-hoomd/new_final_offres/05_advanced_run.py", line 425, in main
    success = run_single_experiment(
  File "/scratch/mh7373/cav-hoomd/new_final_offres/05_advanced_run.py", line 230, in run_single_experiment
    return sim.run() == 0  # Return True for success (exit code 0)
  File "/scratch/mh7373/micromamba/envs/hoomd/lib/python3.12/site-packages/hoomd/cavitymd/simulation/core.py", line 4729, in run
    self.thermalize_system()
  File "/scratch/mh7373/micromamba/envs/hoomd/lib/python3.12/site-packages/hoomd/cavitymd/simulation/core.py", line 2559, in thermalize_system
    self._thermalize_cavity_particle_manually(kT)
  File "/scratch/mh7373/micromamba/envs/hoomd/lib/python3.12/site-packages/hoomd/cavitymd/simulation/core.py", line 2635, in _thermalize_cavity_particle_manually
    self.log_info(f"  Using array module: {xp.__name__}")
  File "/scratch/mh7373/micromamba/envs/hoomd/lib/python3.12/site-packages/hoomd/cavitymd/simulation/core.py", line 1741, in log_info
    self.logger.info(message)
Message: '  Using array module: numpy'
Arguments: ()
--- Logging error ---
Traceback (most recent call last):
  File "/scratch/mh7373/micromamba/envs/hoomd/lib/python3.12/logging/__init__.py", line 1164, in emit
    self.flush()
  File "/scratch/mh7373/micromamba/envs/hoomd/lib/python3.12/logging/__init__.py", line 1144, in flush
    self.stream.flush()
OSError: [Errno 122] Disk quota exceeded
Call stack:
  File "/scratch/mh7373/cav-hoomd/new_final_offres/05_advanced_run.py", line 509, in <module>
    sys.exit(main())
  File "/scratch/mh7373/cav-hoomd/new_final_offres/05_advanced_run.py", line 425, in main
    success = run_single_experiment(
  File "/scratch/mh7373/cav-hoomd/new_final_offres/05_advanced_run.py", line 230, in run_single_experiment
    return sim.run() == 0  # Return True for success (exit code 0)
  File "/scratch/mh7373/micromamba/envs/hoomd/lib/python3.12/site-packages/hoomd/cavitymd/simulation/core.py", line 4729, in run
    self.thermalize_system()
  File "/scratch/mh7373/micromamba/envs/hoomd/lib/python3.12/site-packages/hoomd/cavitymd/simulation/core.py", line 2591, in thermalize_system
    self.log_info(f"Checking molecular system temperature after thermalization:")
  File "/scratch/mh7373/micromamba/envs/hoomd/lib/python3.12/site-packages/hoomd/cavitymd/simulation/core.py", line 1741, in log_info
    self.logger.info(message)
Message: 'Checking molecular system temperature after thermalization:'
Arguments: ()
--- Logging error ---
Traceback (most recent call last):
  File "/scratch/mh7373/micromamba/envs/hoomd/lib/python3.12/logging/__init__.py", line 1164, in emit
    self.flush()
  File "/scratch/mh7373/micromamba/envs/hoomd/lib/python3.12/logging/__init__.py", line 1144, in flush
    self.stream.flush()
OSError: [Errno 122] Disk quota exceeded
Call stack:
  File "/scratch/mh7373/cav-hoomd/new_final_offres/05_advanced_run.py", line 509, in <module>
    sys.exit(main())
  File "/scratch/mh7373/cav-hoomd/new_final_offres/05_advanced_run.py", line 425, in main
    success = run_single_experiment(
  File "/scratch/mh7373/cav-hoomd/new_final_offres/05_advanced_run.py", line 230, in run_single_experiment
    return sim.run() == 0  # Return True for success (exit code 0)
  File "/scratch/mh7373/micromamba/envs/hoomd/lib/python3.12/site-packages/hoomd/cavitymd/simulation/core.py", line 4729, in run
    self.thermalize_system()
  File "/scratch/mh7373/micromamba/envs/hoomd/lib/python3.12/site-packages/hoomd/cavitymd/simulation/core.py", line 2592, in thermalize_system
    self.log_info(f"  Number of molecular particles: {n_mol_particles}")
  File "/scratch/mh7373/micromamba/envs/hoomd/lib/python3.12/site-packages/hoomd/cavitymd/simulation/core.py", line 1741, in log_info
    self.logger.info(message)
Message: '  Number of molecular particles: 500'
Arguments: ()
--- Logging error ---
Traceback (most recent call last):
  File "/scratch/mh7373/micromamba/envs/hoomd/lib/python3.12/logging/__init__.py", line 1164, in emit
    self.flush()
  File "/scratch/mh7373/micromamba/envs/hoomd/lib/python3.12/logging/__init__.py", line 1144, in flush
    self.stream.flush()
OSError: [Errno 122] Disk quota exceeded
Call stack:
  File "/scratch/mh7373/cav-hoomd/new_final_offres/05_advanced_run.py", line 509, in <module>
    sys.exit(main())
  File "/scratch/mh7373/cav-hoomd/new_final_offres/05_advanced_run.py", line 425, in main
    success = run_single_experiment(
  File "/scratch/mh7373/cav-hoomd/new_final_offres/05_advanced_run.py", line 230, in run_single_experiment
    return sim.run() == 0  # Return True for success (exit code 0)
  File "/scratch/mh7373/micromamba/envs/hoomd/lib/python3.12/site-packages/hoomd/cavitymd/simulation/core.py", line 4729, in run
    self.thermalize_system()
  File "/scratch/mh7373/micromamba/envs/hoomd/lib/python3.12/site-packages/hoomd/cavitymd/simulation/core.py", line 2593, in thermalize_system
    self.log_info(f"  Total kinetic energy: {total_ke:.6f} a.u.")
  File "/scratch/mh7373/micromamba/envs/hoomd/lib/python3.12/site-packages/hoomd/cavitymd/simulation/core.py", line 1741, in log_info
    self.logger.info(message)
Message: '  Total kinetic energy: 0.240196 a.u.'
Arguments: ()
--- Logging error ---
Traceback (most recent call last):
  File "/scratch/mh7373/micromamba/envs/hoomd/lib/python3.12/logging/__init__.py", line 1164, in emit
    self.flush()
  File "/scratch/mh7373/micromamba/envs/hoomd/lib/python3.12/logging/__init__.py", line 1144, in flush
    self.stream.flush()
OSError: [Errno 122] Disk quota exceeded
Call stack:
  File "/scratch/mh7373/cav-hoomd/new_final_offres/05_advanced_run.py", line 509, in <module>
    sys.exit(main())
  File "/scratch/mh7373/cav-hoomd/new_final_offres/05_advanced_run.py", line 425, in main
    success = run_single_experiment(
  File "/scratch/mh7373/cav-hoomd/new_final_offres/05_advanced_run.py", line 230, in run_single_experiment
    return sim.run() == 0  # Return True for success (exit code 0)
  File "/scratch/mh7373/micromamba/envs/hoomd/lib/python3.12/site-packages/hoomd/cavitymd/simulation/core.py", line 4729, in run
    self.thermalize_system()
  File "/scratch/mh7373/micromamba/envs/hoomd/lib/python3.12/site-packages/hoomd/cavitymd/simulation/core.py", line 2594, in thermalize_system
    self.log_info(f"  Current temperature: {current_temp:.1f} K")
  File "/scratch/mh7373/micromamba/envs/hoomd/lib/python3.12/site-packages/hoomd/cavitymd/simulation/core.py", line 1741, in log_info
    self.logger.info(message)
Message: '  Current temperature: 101.1 K'
Arguments: ()
--- Logging error ---
Traceback (most recent call last):
  File "/scratch/mh7373/micromamba/envs/hoomd/lib/python3.12/logging/__init__.py", line 1164, in emit
    self.flush()
  File "/scratch/mh7373/micromamba/envs/hoomd/lib/python3.12/logging/__init__.py", line 1144, in flush
    self.stream.flush()
OSError: [Errno 122] Disk quota exceeded
Call stack:
  File "/scratch/mh7373/cav-hoomd/new_final_offres/05_advanced_run.py", line 509, in <module>
    sys.exit(main())
  File "/scratch/mh7373/cav-hoomd/new_final_offres/05_advanced_run.py", line 425, in main
    success = run_single_experiment(
  File "/scratch/mh7373/cav-hoomd/new_final_offres/05_advanced_run.py", line 230, in run_single_experiment
    return sim.run() == 0  # Return True for success (exit code 0)
  File "/scratch/mh7373/micromamba/envs/hoomd/lib/python3.12/site-packages/hoomd/cavitymd/simulation/core.py", line 4729, in run
    self.thermalize_system()
  File "/scratch/mh7373/micromamba/envs/hoomd/lib/python3.12/site-packages/hoomd/cavitymd/simulation/core.py", line 2597, in thermalize_system
    self.log_info("Thermalization completed - velocities properly initialized")
  File "/scratch/mh7373/micromamba/envs/hoomd/lib/python3.12/site-packages/hoomd/cavitymd/simulation/core.py", line 1741, in log_info
    self.logger.info(message)
Message: 'Thermalization completed - velocities properly initialized'
Arguments: ()
--- Logging error ---
Traceback (most recent call last):
  File "/scratch/mh7373/micromamba/envs/hoomd/lib/python3.12/logging/__init__.py", line 1164, in emit
    self.flush()
  File "/scratch/mh7373/micromamba/envs/hoomd/lib/python3.12/logging/__init__.py", line 1144, in flush
    self.stream.flush()
OSError: [Errno 122] Disk quota exceeded
Call stack:
  File "/scratch/mh7373/cav-hoomd/new_final_offres/05_advanced_run.py", line 509, in <module>
    sys.exit(main())
  File "/scratch/mh7373/cav-hoomd/new_final_offres/05_advanced_run.py", line 425, in main
    success = run_single_experiment(
  File "/scratch/mh7373/cav-hoomd/new_final_offres/05_advanced_run.py", line 230, in run_single_experiment
    return sim.run() == 0  # Return True for success (exit code 0)
  File "/scratch/mh7373/micromamba/envs/hoomd/lib/python3.12/site-packages/hoomd/cavitymd/simulation/core.py", line 4732, in run
    self.log_info("=== Phase 4: Setting up trackers and loggers ===")
  File "/scratch/mh7373/micromamba/envs/hoomd/lib/python3.12/site-packages/hoomd/cavitymd/simulation/core.py", line 1741, in log_info
    self.logger.info(message)
Message: '=== Phase 4: Setting up trackers and loggers ==='
Arguments: ()
--- Logging error ---
Traceback (most recent call last):
  File "/scratch/mh7373/micromamba/envs/hoomd/lib/python3.12/logging/__init__.py", line 1164, in emit
    self.flush()
  File "/scratch/mh7373/micromamba/envs/hoomd/lib/python3.12/logging/__init__.py", line 1144, in flush
    self.stream.flush()
OSError: [Errno 122] Disk quota exceeded
Call stack:
  File "/scratch/mh7373/cav-hoomd/new_final_offres/05_advanced_run.py", line 509, in <module>
    sys.exit(main())
  File "/scratch/mh7373/cav-hoomd/new_final_offres/05_advanced_run.py", line 425, in main
    success = run_single_experiment(
  File "/scratch/mh7373/cav-hoomd/new_final_offres/05_advanced_run.py", line 230, in run_single_experiment
    return sim.run() == 0  # Return True for success (exit code 0)
  File "/scratch/mh7373/micromamba/envs/hoomd/lib/python3.12/site-packages/hoomd/cavitymd/simulation/core.py", line 4733, in run
    self.setup_trackers_and_loggers()
  File "/scratch/mh7373/micromamba/envs/hoomd/lib/python3.12/site-packages/hoomd/cavitymd/simulation/core.py", line 2654, in setup_trackers_and_loggers
    self.log_info(f"Setting up adaptive timestep updater (error_tolerance = {self.error_tolerance})")
  File "/scratch/mh7373/micromamba/envs/hoomd/lib/python3.12/site-packages/hoomd/cavitymd/simulation/core.py", line 1741, in log_info
    self.logger.info(message)
Message: 'Setting up adaptive timestep updater (error_tolerance = 2.0)'
Arguments: ()
--- Logging error ---
Traceback (most recent call last):
  File "/scratch/mh7373/micromamba/envs/hoomd/lib/python3.12/site-packages/hoomd/cavitymd/simulation/core.py", line 4733, in run
    self.setup_trackers_and_loggers()
  File "/scratch/mh7373/micromamba/envs/hoomd/lib/python3.12/site-packages/hoomd/cavitymd/simulation/core.py", line 2666, in setup_trackers_and_loggers
    self.adaptive_action = AdaptiveTimestepUpdater(
                           ^^^^^^^^^^^^^^^^^^^^^^^^
  File "/scratch/mh7373/micromamba/envs/hoomd/lib/python3.12/site-packages/hoomd/cavitymd/simulation/timestep.py", line 82, in __init__
    print(f"Dynamic coupling change detection enabled", flush=True)
OSError: [Errno 122] Disk quota exceeded

During handling of the above exception, another exception occurred:

Traceback (most recent call last):
  File "/scratch/mh7373/micromamba/envs/hoomd/lib/python3.12/logging/__init__.py", line 1164, in emit
    self.flush()
  File "/scratch/mh7373/micromamba/envs/hoomd/lib/python3.12/logging/__init__.py", line 1144, in flush
    self.stream.flush()
OSError: [Errno 122] Disk quota exceeded
Call stack:
  File "/scratch/mh7373/cav-hoomd/new_final_offres/05_advanced_run.py", line 509, in <module>
    sys.exit(main())
  File "/scratch/mh7373/cav-hoomd/new_final_offres/05_advanced_run.py", line 425, in main
    success = run_single_experiment(
  File "/scratch/mh7373/cav-hoomd/new_final_offres/05_advanced_run.py", line 230, in run_single_experiment
    return sim.run() == 0  # Return True for success (exit code 0)
  File "/scratch/mh7373/micromamba/envs/hoomd/lib/python3.12/site-packages/hoomd/cavitymd/simulation/core.py", line 4763, in run
    self.log_error(f"CRITICAL ERROR in simulation: {str(e)}")
  File "/scratch/mh7373/micromamba/envs/hoomd/lib/python3.12/site-packages/hoomd/cavitymd/simulation/core.py", line 1755, in log_error
    self.logger.error(message)
Message: 'CRITICAL ERROR in simulation: [Errno 122] Disk quota exceeded'
Arguments: ()
--- Logging error ---
Traceback (most recent call last):
  File "/scratch/mh7373/micromamba/envs/hoomd/lib/python3.12/site-packages/hoomd/cavitymd/simulation/core.py", line 4733, in run
    self.setup_trackers_and_loggers()
  File "/scratch/mh7373/micromamba/envs/hoomd/lib/python3.12/site-packages/hoomd/cavitymd/simulation/core.py", line 2666, in setup_trackers_and_loggers
    self.adaptive_action = AdaptiveTimestepUpdater(
                           ^^^^^^^^^^^^^^^^^^^^^^^^
  File "/scratch/mh7373/micromamba/envs/hoomd/lib/python3.12/site-packages/hoomd/cavitymd/simulation/timestep.py", line 82, in __init__
    print(f"Dynamic coupling change detection enabled", flush=True)
OSError: [Errno 122] Disk quota exceeded

During handling of the above exception, another exception occurred:

Traceback (most recent call last):
  File "/scratch/mh7373/micromamba/envs/hoomd/lib/python3.12/logging/__init__.py", line 1164, in emit
    self.flush()
  File "/scratch/mh7373/micromamba/envs/hoomd/lib/python3.12/logging/__init__.py", line 1144, in flush
    self.stream.flush()
OSError: [Errno 122] Disk quota exceeded
Call stack:
  File "/scratch/mh7373/cav-hoomd/new_final_offres/05_advanced_run.py", line 509, in <module>
    sys.exit(main())
  File "/scratch/mh7373/cav-hoomd/new_final_offres/05_advanced_run.py", line 425, in main
    success = run_single_experiment(
  File "/scratch/mh7373/cav-hoomd/new_final_offres/05_advanced_run.py", line 230, in run_single_experiment
    return sim.run() == 0  # Return True for success (exit code 0)
  File "/scratch/mh7373/micromamba/envs/hoomd/lib/python3.12/site-packages/hoomd/cavitymd/simulation/core.py", line 4765, in run
    self.log_error("Full traceback:")
  File "/scratch/mh7373/micromamba/envs/hoomd/lib/python3.12/site-packages/hoomd/cavitymd/simulation/core.py", line 1755, in log_error
    self.logger.error(message)
Message: 'Full traceback:'
Arguments: ()
--- Logging error ---
Traceback (most recent call last):
  File "/scratch/mh7373/micromamba/envs/hoomd/lib/python3.12/site-packages/hoomd/cavitymd/simulation/core.py", line 4733, in run
    self.setup_trackers_and_loggers()
  File "/scratch/mh7373/micromamba/envs/hoomd/lib/python3.12/site-packages/hoomd/cavitymd/simulation/core.py", line 2666, in setup_trackers_and_loggers
    self.adaptive_action = AdaptiveTimestepUpdater(
                           ^^^^^^^^^^^^^^^^^^^^^^^^
  File "/scratch/mh7373/micromamba/envs/hoomd/lib/python3.12/site-packages/hoomd/cavitymd/simulation/timestep.py", line 82, in __init__
    print(f"Dynamic coupling change detection enabled", flush=True)
OSError: [Errno 122] Disk quota exceeded

During handling of the above exception, another exception occurred:

Traceback (most recent call last):
  File "/scratch/mh7373/micromamba/envs/hoomd/lib/python3.12/logging/__init__.py", line 1164, in emit
    self.flush()
  File "/scratch/mh7373/micromamba/envs/hoomd/lib/python3.12/logging/__init__.py", line 1144, in flush
    self.stream.flush()
OSError: [Errno 122] Disk quota exceeded
Call stack:
  File "/scratch/mh7373/cav-hoomd/new_final_offres/05_advanced_run.py", line 509, in <module>
    sys.exit(main())
  File "/scratch/mh7373/cav-hoomd/new_final_offres/05_advanced_run.py", line 425, in main
    success = run_single_experiment(
  File "/scratch/mh7373/cav-hoomd/new_final_offres/05_advanced_run.py", line 230, in run_single_experiment
    return sim.run() == 0  # Return True for success (exit code 0)
  File "/scratch/mh7373/micromamba/envs/hoomd/lib/python3.12/site-packages/hoomd/cavitymd/simulation/core.py", line 4768, in run
    self.log_error(line)
  File "/scratch/mh7373/micromamba/envs/hoomd/lib/python3.12/site-packages/hoomd/cavitymd/simulation/core.py", line 1755, in log_error
    self.logger.error(message)
Message: 'Traceback (most recent call last):'
Arguments: ()
--- Logging error ---
Traceback (most recent call last):
  File "/scratch/mh7373/micromamba/envs/hoomd/lib/python3.12/site-packages/hoomd/cavitymd/simulation/core.py", line 4733, in run
    self.setup_trackers_and_loggers()
  File "/scratch/mh7373/micromamba/envs/hoomd/lib/python3.12/site-packages/hoomd/cavitymd/simulation/core.py", line 2666, in setup_trackers_and_loggers
    self.adaptive_action = AdaptiveTimestepUpdater(
                           ^^^^^^^^^^^^^^^^^^^^^^^^
  File "/scratch/mh7373/micromamba/envs/hoomd/lib/python3.12/site-packages/hoomd/cavitymd/simulation/timestep.py", line 82, in __init__
    print(f"Dynamic coupling change detection enabled", flush=True)
OSError: [Errno 122] Disk quota exceeded

During handling of the above exception, another exception occurred:

Traceback (most recent call last):
  File "/scratch/mh7373/micromamba/envs/hoomd/lib/python3.12/logging/__init__.py", line 1164, in emit
    self.flush()
  File "/scratch/mh7373/micromamba/envs/hoomd/lib/python3.12/logging/__init__.py", line 1144, in flush
    self.stream.flush()
OSError: [Errno 122] Disk quota exceeded
Call stack:
  File "/scratch/mh7373/cav-hoomd/new_final_offres/05_advanced_run.py", line 509, in <module>
    sys.exit(main())
  File "/scratch/mh7373/cav-hoomd/new_final_offres/05_advanced_run.py", line 425, in main
    success = run_single_experiment(
  File "/scratch/mh7373/cav-hoomd/new_final_offres/05_advanced_run.py", line 230, in run_single_experiment
    return sim.run() == 0  # Return True for success (exit code 0)
  File "/scratch/mh7373/micromamba/envs/hoomd/lib/python3.12/site-packages/hoomd/cavitymd/simulation/core.py", line 4768, in run
    self.log_error(line)
  File "/scratch/mh7373/micromamba/envs/hoomd/lib/python3.12/site-packages/hoomd/cavitymd/simulation/core.py", line 1755, in log_error
    self.logger.error(message)
Message: '  File "/scratch/mh7373/micromamba/envs/hoomd/lib/python3.12/site-packages/hoomd/cavitymd/simulation/core.py", line 4733, in run'
Arguments: ()
--- Logging error ---
Traceback (most recent call last):
  File "/scratch/mh7373/micromamba/envs/hoomd/lib/python3.12/site-packages/hoomd/cavitymd/simulation/core.py", line 4733, in run
    self.setup_trackers_and_loggers()
  File "/scratch/mh7373/micromamba/envs/hoomd/lib/python3.12/site-packages/hoomd/cavitymd/simulation/core.py", line 2666, in setup_trackers_and_loggers
    self.adaptive_action = AdaptiveTimestepUpdater(
                           ^^^^^^^^^^^^^^^^^^^^^^^^
  File "/scratch/mh7373/micromamba/envs/hoomd/lib/python3.12/site-packages/hoomd/cavitymd/simulation/timestep.py", line 82, in __init__
    print(f"Dynamic coupling change detection enabled", flush=True)
OSError: [Errno 122] Disk quota exceeded

During handling of the above exception, another exception occurred:

Traceback (most recent call last):
  File "/scratch/mh7373/micromamba/envs/hoomd/lib/python3.12/logging/__init__.py", line 1164, in emit
    self.flush()
  File "/scratch/mh7373/micromamba/envs/hoomd/lib/python3.12/logging/__init__.py", line 1144, in flush
    self.stream.flush()
OSError: [Errno 122] Disk quota exceeded
Call stack:
  File "/scratch/mh7373/cav-hoomd/new_final_offres/05_advanced_run.py", line 509, in <module>
    sys.exit(main())
  File "/scratch/mh7373/cav-hoomd/new_final_offres/05_advanced_run.py", line 425, in main
    success = run_single_experiment(
  File "/scratch/mh7373/cav-hoomd/new_final_offres/05_advanced_run.py", line 230, in run_single_experiment
    return sim.run() == 0  # Return True for success (exit code 0)
  File "/scratch/mh7373/micromamba/envs/hoomd/lib/python3.12/site-packages/hoomd/cavitymd/simulation/core.py", line 4768, in run
    self.log_error(line)
  File "/scratch/mh7373/micromamba/envs/hoomd/lib/python3.12/site-packages/hoomd/cavitymd/simulation/core.py", line 1755, in log_error
    self.logger.error(message)
Message: '    self.setup_trackers_and_loggers()'
Arguments: ()
--- Logging error ---
Traceback (most recent call last):
  File "/scratch/mh7373/micromamba/envs/hoomd/lib/python3.12/site-packages/hoomd/cavitymd/simulation/core.py", line 4733, in run
    self.setup_trackers_and_loggers()
  File "/scratch/mh7373/micromamba/envs/hoomd/lib/python3.12/site-packages/hoomd/cavitymd/simulation/core.py", line 2666, in setup_trackers_and_loggers
    self.adaptive_action = AdaptiveTimestepUpdater(
                           ^^^^^^^^^^^^^^^^^^^^^^^^
  File "/scratch/mh7373/micromamba/envs/hoomd/lib/python3.12/site-packages/hoomd/cavitymd/simulation/timestep.py", line 82, in __init__
    print(f"Dynamic coupling change detection enabled", flush=True)
OSError: [Errno 122] Disk quota exceeded

During handling of the above exception, another exception occurred:

Traceback (most recent call last):
  File "/scratch/mh7373/micromamba/envs/hoomd/lib/python3.12/logging/__init__.py", line 1164, in emit
    self.flush()
  File "/scratch/mh7373/micromamba/envs/hoomd/lib/python3.12/logging/__init__.py", line 1144, in flush
    self.stream.flush()
OSError: [Errno 122] Disk quota exceeded
Call stack:
  File "/scratch/mh7373/cav-hoomd/new_final_offres/05_advanced_run.py", line 509, in <module>
    sys.exit(main())
  File "/scratch/mh7373/cav-hoomd/new_final_offres/05_advanced_run.py", line 425, in main
    success = run_single_experiment(
  File "/scratch/mh7373/cav-hoomd/new_final_offres/05_advanced_run.py", line 230, in run_single_experiment
    return sim.run() == 0  # Return True for success (exit code 0)
  File "/scratch/mh7373/micromamba/envs/hoomd/lib/python3.12/site-packages/hoomd/cavitymd/simulation/core.py", line 4768, in run
    self.log_error(line)
  File "/scratch/mh7373/micromamba/envs/hoomd/lib/python3.12/site-packages/hoomd/cavitymd/simulation/core.py", line 1755, in log_error
    self.logger.error(message)
Message: '  File "/scratch/mh7373/micromamba/envs/hoomd/lib/python3.12/site-packages/hoomd/cavitymd/simulation/core.py", line 2666, in setup_trackers_and_loggers'
Arguments: ()
--- Logging error ---
Traceback (most recent call last):
  File "/scratch/mh7373/micromamba/envs/hoomd/lib/python3.12/site-packages/hoomd/cavitymd/simulation/core.py", line 4733, in run
    self.setup_trackers_and_loggers()
  File "/scratch/mh7373/micromamba/envs/hoomd/lib/python3.12/site-packages/hoomd/cavitymd/simulation/core.py", line 2666, in setup_trackers_and_loggers
    self.adaptive_action = AdaptiveTimestepUpdater(
                           ^^^^^^^^^^^^^^^^^^^^^^^^
  File "/scratch/mh7373/micromamba/envs/hoomd/lib/python3.12/site-packages/hoomd/cavitymd/simulation/timestep.py", line 82, in __init__
    print(f"Dynamic coupling change detection enabled", flush=True)
OSError: [Errno 122] Disk quota exceeded

During handling of the above exception, another exception occurred:

Traceback (most recent call last):
  File "/scratch/mh7373/micromamba/envs/hoomd/lib/python3.12/logging/__init__.py", line 1164, in emit
    self.flush()
  File "/scratch/mh7373/micromamba/envs/hoomd/lib/python3.12/logging/__init__.py", line 1144, in flush
    self.stream.flush()
OSError: [Errno 122] Disk quota exceeded
Call stack:
  File "/scratch/mh7373/cav-hoomd/new_final_offres/05_advanced_run.py", line 509, in <module>
    sys.exit(main())
  File "/scratch/mh7373/cav-hoomd/new_final_offres/05_advanced_run.py", line 425, in main
    success = run_single_experiment(
  File "/scratch/mh7373/cav-hoomd/new_final_offres/05_advanced_run.py", line 230, in run_single_experiment
    return sim.run() == 0  # Return True for success (exit code 0)
  File "/scratch/mh7373/micromamba/envs/hoomd/lib/python3.12/site-packages/hoomd/cavitymd/simulation/core.py", line 4768, in run
    self.log_error(line)
  File "/scratch/mh7373/micromamba/envs/hoomd/lib/python3.12/site-packages/hoomd/cavitymd/simulation/core.py", line 1755, in log_error
    self.logger.error(message)
Message: '    self.adaptive_action = AdaptiveTimestepUpdater('
Arguments: ()
--- Logging error ---
Traceback (most recent call last):
  File "/scratch/mh7373/micromamba/envs/hoomd/lib/python3.12/site-packages/hoomd/cavitymd/simulation/core.py", line 4733, in run
    self.setup_trackers_and_loggers()
  File "/scratch/mh7373/micromamba/envs/hoomd/lib/python3.12/site-packages/hoomd/cavitymd/simulation/core.py", line 2666, in setup_trackers_and_loggers
    self.adaptive_action = AdaptiveTimestepUpdater(
                           ^^^^^^^^^^^^^^^^^^^^^^^^
  File "/scratch/mh7373/micromamba/envs/hoomd/lib/python3.12/site-packages/hoomd/cavitymd/simulation/timestep.py", line 82, in __init__
    print(f"Dynamic coupling change detection enabled", flush=True)
OSError: [Errno 122] Disk quota exceeded

During handling of the above exception, another exception occurred:

Traceback (most recent call last):
  File "/scratch/mh7373/micromamba/envs/hoomd/lib/python3.12/logging/__init__.py", line 1164, in emit
    self.flush()
  File "/scratch/mh7373/micromamba/envs/hoomd/lib/python3.12/logging/__init__.py", line 1144, in flush
    self.stream.flush()
OSError: [Errno 122] Disk quota exceeded
Call stack:
  File "/scratch/mh7373/cav-hoomd/new_final_offres/05_advanced_run.py", line 509, in <module>
    sys.exit(main())
  File "/scratch/mh7373/cav-hoomd/new_final_offres/05_advanced_run.py", line 425, in main
    success = run_single_experiment(
  File "/scratch/mh7373/cav-hoomd/new_final_offres/05_advanced_run.py", line 230, in run_single_experiment
    return sim.run() == 0  # Return True for success (exit code 0)
  File "/scratch/mh7373/micromamba/envs/hoomd/lib/python3.12/site-packages/hoomd/cavitymd/simulation/core.py", line 4768, in run
    self.log_error(line)
  File "/scratch/mh7373/micromamba/envs/hoomd/lib/python3.12/site-packages/hoomd/cavitymd/simulation/core.py", line 1755, in log_error
    self.logger.error(message)
Message: '                           ^^^^^^^^^^^^^^^^^^^^^^^^'
Arguments: ()
--- Logging error ---
Traceback (most recent call last):
  File "/scratch/mh7373/micromamba/envs/hoomd/lib/python3.12/site-packages/hoomd/cavitymd/simulation/core.py", line 4733, in run
    self.setup_trackers_and_loggers()
  File "/scratch/mh7373/micromamba/envs/hoomd/lib/python3.12/site-packages/hoomd/cavitymd/simulation/core.py", line 2666, in setup_trackers_and_loggers
    self.adaptive_action = AdaptiveTimestepUpdater(
                           ^^^^^^^^^^^^^^^^^^^^^^^^
  File "/scratch/mh7373/micromamba/envs/hoomd/lib/python3.12/site-packages/hoomd/cavitymd/simulation/timestep.py", line 82, in __init__
    print(f"Dynamic coupling change detection enabled", flush=True)
OSError: [Errno 122] Disk quota exceeded

During handling of the above exception, another exception occurred:

Traceback (most recent call last):
  File "/scratch/mh7373/micromamba/envs/hoomd/lib/python3.12/logging/__init__.py", line 1164, in emit
    self.flush()
  File "/scratch/mh7373/micromamba/envs/hoomd/lib/python3.12/logging/__init__.py", line 1144, in flush
    self.stream.flush()
OSError: [Errno 122] Disk quota exceeded
Call stack:
  File "/scratch/mh7373/cav-hoomd/new_final_offres/05_advanced_run.py", line 509, in <module>
    sys.exit(main())
  File "/scratch/mh7373/cav-hoomd/new_final_offres/05_advanced_run.py", line 425, in main
    success = run_single_experiment(
  File "/scratch/mh7373/cav-hoomd/new_final_offres/05_advanced_run.py", line 230, in run_single_experiment
    return sim.run() == 0  # Return True for success (exit code 0)
  File "/scratch/mh7373/micromamba/envs/hoomd/lib/python3.12/site-packages/hoomd/cavitymd/simulation/core.py", line 4768, in run
    self.log_error(line)
  File "/scratch/mh7373/micromamba/envs/hoomd/lib/python3.12/site-packages/hoomd/cavitymd/simulation/core.py", line 1755, in log_error
    self.logger.error(message)
Message: '  File "/scratch/mh7373/micromamba/envs/hoomd/lib/python3.12/site-packages/hoomd/cavitymd/simulation/timestep.py", line 82, in __init__'
Arguments: ()
--- Logging error ---
Traceback (most recent call last):
  File "/scratch/mh7373/micromamba/envs/hoomd/lib/python3.12/site-packages/hoomd/cavitymd/simulation/core.py", line 4733, in run
    self.setup_trackers_and_loggers()
  File "/scratch/mh7373/micromamba/envs/hoomd/lib/python3.12/site-packages/hoomd/cavitymd/simulation/core.py", line 2666, in setup_trackers_and_loggers
    self.adaptive_action = AdaptiveTimestepUpdater(
                           ^^^^^^^^^^^^^^^^^^^^^^^^
  File "/scratch/mh7373/micromamba/envs/hoomd/lib/python3.12/site-packages/hoomd/cavitymd/simulation/timestep.py", line 82, in __init__
    print(f"Dynamic coupling change detection enabled", flush=True)
OSError: [Errno 122] Disk quota exceeded

During handling of the above exception, another exception occurred:

Traceback (most recent call last):
  File "/scratch/mh7373/micromamba/envs/hoomd/lib/python3.12/logging/__init__.py", line 1164, in emit
    self.flush()
  File "/scratch/mh7373/micromamba/envs/hoomd/lib/python3.12/logging/__init__.py", line 1144, in flush
    self.stream.flush()
OSError: [Errno 122] Disk quota exceeded
Call stack:
  File "/scratch/mh7373/cav-hoomd/new_final_offres/05_advanced_run.py", line 509, in <module>
    sys.exit(main())
  File "/scratch/mh7373/cav-hoomd/new_final_offres/05_advanced_run.py", line 425, in main
    success = run_single_experiment(
  File "/scratch/mh7373/cav-hoomd/new_final_offres/05_advanced_run.py", line 230, in run_single_experiment
    return sim.run() == 0  # Return True for success (exit code 0)
  File "/scratch/mh7373/micromamba/envs/hoomd/lib/python3.12/site-packages/hoomd/cavitymd/simulation/core.py", line 4768, in run
    self.log_error(line)
  File "/scratch/mh7373/micromamba/envs/hoomd/lib/python3.12/site-packages/hoomd/cavitymd/simulation/core.py", line 1755, in log_error
    self.logger.error(message)
Message: '    print(f"Dynamic coupling change detection enabled", flush=True)'
Arguments: ()
--- Logging error ---
Traceback (most recent call last):
  File "/scratch/mh7373/micromamba/envs/hoomd/lib/python3.12/site-packages/hoomd/cavitymd/simulation/core.py", line 4733, in run
    self.setup_trackers_and_loggers()
  File "/scratch/mh7373/micromamba/envs/hoomd/lib/python3.12/site-packages/hoomd/cavitymd/simulation/core.py", line 2666, in setup_trackers_and_loggers
    self.adaptive_action = AdaptiveTimestepUpdater(
                           ^^^^^^^^^^^^^^^^^^^^^^^^
  File "/scratch/mh7373/micromamba/envs/hoomd/lib/python3.12/site-packages/hoomd/cavitymd/simulation/timestep.py", line 82, in __init__
    print(f"Dynamic coupling change detection enabled", flush=True)
OSError: [Errno 122] Disk quota exceeded

During handling of the above exception, another exception occurred:

Traceback (most recent call last):
  File "/scratch/mh7373/micromamba/envs/hoomd/lib/python3.12/logging/__init__.py", line 1164, in emit
    self.flush()
  File "/scratch/mh7373/micromamba/envs/hoomd/lib/python3.12/logging/__init__.py", line 1144, in flush
    self.stream.flush()
OSError: [Errno 122] Disk quota exceeded
Call stack:
  File "/scratch/mh7373/cav-hoomd/new_final_offres/05_advanced_run.py", line 509, in <module>
    sys.exit(main())
  File "/scratch/mh7373/cav-hoomd/new_final_offres/05_advanced_run.py", line 425, in main
    success = run_single_experiment(
  File "/scratch/mh7373/cav-hoomd/new_final_offres/05_advanced_run.py", line 230, in run_single_experiment
    return sim.run() == 0  # Return True for success (exit code 0)
  File "/scratch/mh7373/micromamba/envs/hoomd/lib/python3.12/site-packages/hoomd/cavitymd/simulation/core.py", line 4768, in run
    self.log_error(line)
  File "/scratch/mh7373/micromamba/envs/hoomd/lib/python3.12/site-packages/hoomd/cavitymd/simulation/core.py", line 1755, in log_error
    self.logger.error(message)
Message: 'OSError: [Errno 122] Disk quota exceeded'
Arguments: ()
--- Logging error ---
Traceback (most recent call last):
  File "/scratch/mh7373/micromamba/envs/hoomd/lib/python3.12/site-packages/hoomd/cavitymd/simulation/core.py", line 4733, in run
    self.setup_trackers_and_loggers()
  File "/scratch/mh7373/micromamba/envs/hoomd/lib/python3.12/site-packages/hoomd/cavitymd/simulation/core.py", line 2666, in setup_trackers_and_loggers
    self.adaptive_action = AdaptiveTimestepUpdater(
                           ^^^^^^^^^^^^^^^^^^^^^^^^
  File "/scratch/mh7373/micromamba/envs/hoomd/lib/python3.12/site-packages/hoomd/cavitymd/simulation/timestep.py", line 82, in __init__
    print(f"Dynamic coupling change detection enabled", flush=True)
OSError: [Errno 122] Disk quota exceeded

During handling of the above exception, another exception occurred:

Traceback (most recent call last):
  File "/scratch/mh7373/micromamba/envs/hoomd/lib/python3.12/logging/__init__.py", line 1164, in emit
    self.flush()
  File "/scratch/mh7373/micromamba/envs/hoomd/lib/python3.12/logging/__init__.py", line 1144, in flush
    self.stream.flush()
OSError: [Errno 122] Disk quota exceeded
Call stack:
  File "/scratch/mh7373/cav-hoomd/new_final_offres/05_advanced_run.py", line 509, in <module>
    sys.exit(main())
  File "/scratch/mh7373/cav-hoomd/new_final_offres/05_advanced_run.py", line 425, in main
    success = run_single_experiment(
  File "/scratch/mh7373/cav-hoomd/new_final_offres/05_advanced_run.py", line 230, in run_single_experiment
    return sim.run() == 0  # Return True for success (exit code 0)
  File "/scratch/mh7373/micromamba/envs/hoomd/lib/python3.12/site-packages/hoomd/cavitymd/simulation/core.py", line 4769, in run
    self.cleanup()  # Try to cleanup even on error
  File "/scratch/mh7373/micromamba/envs/hoomd/lib/python3.12/site-packages/hoomd/cavitymd/simulation/core.py", line 4813, in cleanup
    self.log_info("Cleanup initiated...")
  File "/scratch/mh7373/micromamba/envs/hoomd/lib/python3.12/site-packages/hoomd/cavitymd/simulation/core.py", line 1741, in log_info
    self.logger.info(message)
Message: 'Cleanup initiated...'
Arguments: ()
--- Logging error ---
Traceback (most recent call last):
  File "/scratch/mh7373/micromamba/envs/hoomd/lib/python3.12/site-packages/hoomd/cavitymd/simulation/core.py", line 4733, in run
    self.setup_trackers_and_loggers()
  File "/scratch/mh7373/micromamba/envs/hoomd/lib/python3.12/site-packages/hoomd/cavitymd/simulation/core.py", line 2666, in setup_trackers_and_loggers
    self.adaptive_action = AdaptiveTimestepUpdater(
                           ^^^^^^^^^^^^^^^^^^^^^^^^
  File "/scratch/mh7373/micromamba/envs/hoomd/lib/python3.12/site-packages/hoomd/cavitymd/simulation/timestep.py", line 82, in __init__
    print(f"Dynamic coupling change detection enabled", flush=True)
OSError: [Errno 122] Disk quota exceeded

During handling of the above exception, another exception occurred:

Traceback (most recent call last):
  File "/scratch/mh7373/micromamba/envs/hoomd/lib/python3.12/logging/__init__.py", line 1164, in emit
    self.flush()
  File "/scratch/mh7373/micromamba/envs/hoomd/lib/python3.12/logging/__init__.py", line 1144, in flush
    self.stream.flush()
OSError: [Errno 122] Disk quota exceeded
Call stack:
  File "/scratch/mh7373/cav-hoomd/new_final_offres/05_advanced_run.py", line 509, in <module>
    sys.exit(main())
  File "/scratch/mh7373/cav-hoomd/new_final_offres/05_advanced_run.py", line 425, in main
    success = run_single_experiment(
  File "/scratch/mh7373/cav-hoomd/new_final_offres/05_advanced_run.py", line 230, in run_single_experiment
    return sim.run() == 0  # Return True for success (exit code 0)
  File "/scratch/mh7373/micromamba/envs/hoomd/lib/python3.12/site-packages/hoomd/cavitymd/simulation/core.py", line 4769, in run
    self.cleanup()  # Try to cleanup even on error
  File "/scratch/mh7373/micromamba/envs/hoomd/lib/python3.12/site-packages/hoomd/cavitymd/simulation/core.py", line 4839, in cleanup
    self.log_info(f"Returned to original directory: {self.original_cwd}")
  File "/scratch/mh7373/micromamba/envs/hoomd/lib/python3.12/site-packages/hoomd/cavitymd/simulation/core.py", line 1741, in log_info
    self.logger.info(message)
Message: 'Returned to original directory: /scratch/mh7373/cav-hoomd/new_final_offres'
Arguments: ()
--- Logging error ---
Traceback (most recent call last):
  File "/scratch/mh7373/micromamba/envs/hoomd/lib/python3.12/site-packages/hoomd/cavitymd/simulation/core.py", line 4733, in run
    self.setup_trackers_and_loggers()
  File "/scratch/mh7373/micromamba/envs/hoomd/lib/python3.12/site-packages/hoomd/cavitymd/simulation/core.py", line 2666, in setup_trackers_and_loggers
    self.adaptive_action = AdaptiveTimestepUpdater(
                           ^^^^^^^^^^^^^^^^^^^^^^^^
  File "/scratch/mh7373/micromamba/envs/hoomd/lib/python3.12/site-packages/hoomd/cavitymd/simulation/timestep.py", line 82, in __init__
    print(f"Dynamic coupling change detection enabled", flush=True)
OSError: [Errno 122] Disk quota exceeded

During handling of the above exception, another exception occurred:

Traceback (most recent call last):
  File "/scratch/mh7373/micromamba/envs/hoomd/lib/python3.12/logging/__init__.py", line 1164, in emit
    self.flush()
  File "/scratch/mh7373/micromamba/envs/hoomd/lib/python3.12/logging/__init__.py", line 1144, in flush
    self.stream.flush()
OSError: [Errno 122] Disk quota exceeded
Call stack:
  File "/scratch/mh7373/cav-hoomd/new_final_offres/05_advanced_run.py", line 509, in <module>
    sys.exit(main())
  File "/scratch/mh7373/cav-hoomd/new_final_offres/05_advanced_run.py", line 425, in main
    success = run_single_experiment(
  File "/scratch/mh7373/cav-hoomd/new_final_offres/05_advanced_run.py", line 230, in run_single_experiment
    return sim.run() == 0  # Return True for success (exit code 0)
  File "/scratch/mh7373/micromamba/envs/hoomd/lib/python3.12/site-packages/hoomd/cavitymd/simulation/core.py", line 4769, in run
    self.cleanup()  # Try to cleanup even on error
  File "/scratch/mh7373/micromamba/envs/hoomd/lib/python3.12/site-packages/hoomd/cavitymd/simulation/core.py", line 4841, in cleanup
    self.log_info("Cleanup completed")
  File "/scratch/mh7373/micromamba/envs/hoomd/lib/python3.12/site-packages/hoomd/cavitymd/simulation/core.py", line 1741, in log_info
    self.logger.info(message)
Message: 'Cleanup completed'
Arguments: ()
Exception ignored in: <_io.TextIOWrapper name='<stdout>' mode='w' encoding='utf-8'>
OSError: [Errno 122] Disk quota exceeded
