--- Logging error ---
Traceback (most recent call last):
  File "/scratch/mh7373/micromamba/envs/hoomd/lib/python3.12/logging/__init__.py", line 1164, in emit
    self.flush()
  File "/scratch/mh7373/micromamba/envs/hoomd/lib/python3.12/logging/__init__.py", line 1144, in flush
    self.stream.flush()
OSError: [Errno 122] Disk quota exceeded
Call stack:
  File "/scratch/mh7373/cav-hoomd/new_final_offres/05_advanced_run.py", line 509, in <module>
    sys.exit(main())
  File "/scratch/mh7373/cav-hoomd/new_final_offres/05_advanced_run.py", line 425, in main
    success = run_single_experiment(
  File "/scratch/mh7373/cav-hoomd/new_final_offres/05_advanced_run.py", line 230, in run_single_experiment
    return sim.run() == 0  # Return True for success (exit code 0)
  File "/scratch/mh7373/micromamba/envs/hoomd/lib/python3.12/site-packages/hoomd/cavitymd/simulation/core.py", line 4704, in run
    forces = self.setup_force_parameters(self.dt)
  File "/scratch/mh7373/micromamba/envs/hoomd/lib/python3.12/site-packages/hoomd/cavitymd/simulation/core.py", line 2185, in setup_force_parameters
    coupling_variant = self._create_coupling_variant()
  File "/scratch/mh7373/micromamba/envs/hoomd/lib/python3.12/site-packages/hoomd/cavitymd/simulation/core.py", line 1772, in _create_coupling_variant
    self.log_info(f"Using lambda_coupling={base_coupling} (will be scaled by omega_c={self.omegac:.6f} a.u.)")
  File "/scratch/mh7373/micromamba/envs/hoomd/lib/python3.12/site-packages/hoomd/cavitymd/simulation/core.py", line 1741, in log_info
    self.logger.info(message)
Message: 'Using lambda_coupling=0.042 (will be scaled by omega_c=0.004830 a.u.)'
Arguments: ()
--- Logging error ---
Traceback (most recent call last):
  File "/scratch/mh7373/micromamba/envs/hoomd/lib/python3.12/logging/__init__.py", line 1164, in emit
    self.flush()
  File "/scratch/mh7373/micromamba/envs/hoomd/lib/python3.12/logging/__init__.py", line 1144, in flush
    self.stream.flush()
OSError: [Errno 122] Disk quota exceeded
Call stack:
  File "/scratch/mh7373/cav-hoomd/new_final_offres/05_advanced_run.py", line 509, in <module>
    sys.exit(main())
  File "/scratch/mh7373/cav-hoomd/new_final_offres/05_advanced_run.py", line 425, in main
    success = run_single_experiment(
  File "/scratch/mh7373/cav-hoomd/new_final_offres/05_advanced_run.py", line 230, in run_single_experiment
    return sim.run() == 0  # Return True for success (exit code 0)
  File "/scratch/mh7373/micromamba/envs/hoomd/lib/python3.12/site-packages/hoomd/cavitymd/simulation/core.py", line 4704, in run
    forces = self.setup_force_parameters(self.dt)
  File "/scratch/mh7373/micromamba/envs/hoomd/lib/python3.12/site-packages/hoomd/cavitymd/simulation/core.py", line 2185, in setup_force_parameters
    coupling_variant = self._create_coupling_variant()
  File "/scratch/mh7373/micromamba/envs/hoomd/lib/python3.12/site-packages/hoomd/cavitymd/simulation/core.py", line 1788, in _create_coupling_variant
    self.log_info(f"Using constant coupling: lambda={base_coupling}, epsilon={epsilon:.6e} a.u.")
  File "/scratch/mh7373/micromamba/envs/hoomd/lib/python3.12/site-packages/hoomd/cavitymd/simulation/core.py", line 1741, in log_info
    self.logger.info(message)
Message: 'Using constant coupling: lambda=0.042, epsilon=2.028480e-04 a.u.'
Arguments: ()
--- Logging error ---
Traceback (most recent call last):
  File "/scratch/mh7373/micromamba/envs/hoomd/lib/python3.12/logging/__init__.py", line 1164, in emit
    self.flush()
  File "/scratch/mh7373/micromamba/envs/hoomd/lib/python3.12/logging/__init__.py", line 1144, in flush
    self.stream.flush()
OSError: [Errno 122] Disk quota exceeded
Call stack:
  File "/scratch/mh7373/cav-hoomd/new_final_offres/05_advanced_run.py", line 509, in <module>
    sys.exit(main())
  File "/scratch/mh7373/cav-hoomd/new_final_offres/05_advanced_run.py", line 425, in main
    success = run_single_experiment(
--- Logging error ---
--- Logging error ---
--- Logging error ---
--- Logging error ---
--- Logging error ---
--- Logging error ---
--- Logging error ---
--- Logging error ---
--- Logging error ---
--- Logging error ---
--- Logging error ---
--- Logging error ---
--- Logging error ---
--- Logging error ---
--- Logging error ---
--- Logging error ---
--- Logging error ---
--- Logging error ---
--- Logging error ---
--- Logging error ---
--- Logging error ---
--- Logging error ---
--- Logging error ---
--- Logging error ---
--- Logging error ---
--- Logging error ---
--- Logging error ---
--- Logging error ---
--- Logging error ---
--- Logging error ---
--- Logging error ---
--- Logging error ---
--- Logging error ---
--- Logging error ---
--- Logging error ---
--- Logging error ---
Traceback (most recent call last):
  File "/scratch/mh7373/micromamba/envs/hoomd/lib/python3.12/site-packages/hoomd/cavitymd/simulation/core.py", line 4733, in run
    self.setup_trackers_and_loggers()
  File "/scratch/mh7373/micromamba/envs/hoomd/lib/python3.12/site-packages/hoomd/cavitymd/simulation/core.py", line 2666, in setup_trackers_and_loggers
    self.adaptive_action = AdaptiveTimestepUpdater(
                           ^^^^^^^^^^^^^^^^^^^^^^^^
  File "/scratch/mh7373/micromamba/envs/hoomd/lib/python3.12/site-packages/hoomd/cavitymd/simulation/timestep.py", line 82, in __init__
    print(f"Dynamic coupling change detection enabled", flush=True)
OSError: [Errno 122] Disk quota exceeded

During handling of the above exception, another exception occurred:

Traceback (most recent call last):
  File "/scratch/mh7373/micromamba/envs/hoomd/lib/python3.12/logging/__init__.py", line 1164, in emit
    self.flush()
  File "/scratch/mh7373/micromamba/envs/hoomd/lib/python3.12/logging/__init__.py", line 1144, in flush
    self.stream.flush()
OSError: [Errno 122] Disk quota exceeded
Call stack:
  File "/scratch/mh7373/cav-hoomd/new_final_offres/05_advanced_run.py", line 509, in <module>
    sys.exit(main())
  File "/scratch/mh7373/cav-hoomd/new_final_offres/05_advanced_run.py", line 425, in main
    success = run_single_experiment(
  File "/scratch/mh7373/cav-hoomd/new_final_offres/05_advanced_run.py", line 230, in run_single_experiment
    return sim.run() == 0  # Return True for success (exit code 0)
  File "/scratch/mh7373/micromamba/envs/hoomd/lib/python3.12/site-packages/hoomd/cavitymd/simulation/core.py", line 4768, in run
    self.log_error(line)
  File "/scratch/mh7373/micromamba/envs/hoomd/lib/python3.12/site-packages/hoomd/cavitymd/simulation/core.py", line 1755, in log_error
    self.logger.error(message)
Message: '  File "/scratch/mh7373/micromamba/envs/hoomd/lib/python3.12/site-packages/hoomd/cavitymd/simulation/timestep.py", line 82, in __init__'
Arguments: ()
--- Logging error ---
Traceback (most recent call last):
  File "/scratch/mh7373/micromamba/envs/hoomd/lib/python3.12/site-packages/hoomd/cavitymd/simulation/core.py", line 4733, in run
    self.setup_trackers_and_loggers()
  File "/scratch/mh7373/micromamba/envs/hoomd/lib/python3.12/site-packages/hoomd/cavitymd/simulation/core.py", line 2666, in setup_trackers_and_loggers
    self.adaptive_action = AdaptiveTimestepUpdater(
                           ^^^^^^^^^^^^^^^^^^^^^^^^
  File "/scratch/mh7373/micromamba/envs/hoomd/lib/python3.12/site-packages/hoomd/cavitymd/simulation/timestep.py", line 82, in __init__
    print(f"Dynamic coupling change detection enabled", flush=True)
OSError: [Errno 122] Disk quota exceeded

During handling of the above exception, another exception occurred:

Traceback (most recent call last):
  File "/scratch/mh7373/micromamba/envs/hoomd/lib/python3.12/logging/__init__.py", line 1164, in emit
    self.flush()
  File "/scratch/mh7373/micromamba/envs/hoomd/lib/python3.12/logging/__init__.py", line 1144, in flush
    self.stream.flush()
OSError: [Errno 122] Disk quota exceeded
Call stack:
  File "/scratch/mh7373/cav-hoomd/new_final_offres/05_advanced_run.py", line 509, in <module>
    sys.exit(main())
  File "/scratch/mh7373/cav-hoomd/new_final_offres/05_advanced_run.py", line 425, in main
    success = run_single_experiment(
  File "/scratch/mh7373/cav-hoomd/new_final_offres/05_advanced_run.py", line 230, in run_single_experiment
    return sim.run() == 0  # Return True for success (exit code 0)
  File "/scratch/mh7373/micromamba/envs/hoomd/lib/python3.12/site-packages/hoomd/cavitymd/simulation/core.py", line 4768, in run
    self.log_error(line)
  File "/scratch/mh7373/micromamba/envs/hoomd/lib/python3.12/site-packages/hoomd/cavitymd/simulation/core.py", line 1755, in log_error
    self.logger.error(message)
Message: '    print(f"Dynamic coupling change detection enabled", flush=True)'
Arguments: ()
--- Logging error ---
Traceback (most recent call last):
  File "/scratch/mh7373/micromamba/envs/hoomd/lib/python3.12/site-packages/hoomd/cavitymd/simulation/core.py", line 4733, in run
    self.setup_trackers_and_loggers()
  File "/scratch/mh7373/micromamba/envs/hoomd/lib/python3.12/site-packages/hoomd/cavitymd/simulation/core.py", line 2666, in setup_trackers_and_loggers
    self.adaptive_action = AdaptiveTimestepUpdater(
                           ^^^^^^^^^^^^^^^^^^^^^^^^
  File "/scratch/mh7373/micromamba/envs/hoomd/lib/python3.12/site-packages/hoomd/cavitymd/simulation/timestep.py", line 82, in __init__
    print(f"Dynamic coupling change detection enabled", flush=True)
OSError: [Errno 122] Disk quota exceeded

During handling of the above exception, another exception occurred:

Traceback (most recent call last):
  File "/scratch/mh7373/micromamba/envs/hoomd/lib/python3.12/logging/__init__.py", line 1164, in emit
    self.flush()
  File "/scratch/mh7373/micromamba/envs/hoomd/lib/python3.12/logging/__init__.py", line 1144, in flush
    self.stream.flush()
OSError: [Errno 122] Disk quota exceeded
Call stack:
  File "/scratch/mh7373/cav-hoomd/new_final_offres/05_advanced_run.py", line 509, in <module>
    sys.exit(main())
  File "/scratch/mh7373/cav-hoomd/new_final_offres/05_advanced_run.py", line 425, in main
    success = run_single_experiment(
  File "/scratch/mh7373/cav-hoomd/new_final_offres/05_advanced_run.py", line 230, in run_single_experiment
    return sim.run() == 0  # Return True for success (exit code 0)
  File "/scratch/mh7373/micromamba/envs/hoomd/lib/python3.12/site-packages/hoomd/cavitymd/simulation/core.py", line 4768, in run
    self.log_error(line)
  File "/scratch/mh7373/micromamba/envs/hoomd/lib/python3.12/site-packages/hoomd/cavitymd/simulation/core.py", line 1755, in log_error
    self.logger.error(message)
Message: 'OSError: [Errno 122] Disk quota exceeded'
Arguments: ()
--- Logging error ---
Traceback (most recent call last):
  File "/scratch/mh7373/micromamba/envs/hoomd/lib/python3.12/site-packages/hoomd/cavitymd/simulation/core.py", line 4733, in run
    self.setup_trackers_and_loggers()
  File "/scratch/mh7373/micromamba/envs/hoomd/lib/python3.12/site-packages/hoomd/cavitymd/simulation/core.py", line 2666, in setup_trackers_and_loggers
    self.adaptive_action = AdaptiveTimestepUpdater(
                           ^^^^^^^^^^^^^^^^^^^^^^^^
  File "/scratch/mh7373/micromamba/envs/hoomd/lib/python3.12/site-packages/hoomd/cavitymd/simulation/timestep.py", line 82, in __init__
    print(f"Dynamic coupling change detection enabled", flush=True)
OSError: [Errno 122] Disk quota exceeded

During handling of the above exception, another exception occurred:

Traceback (most recent call last):
  File "/scratch/mh7373/micromamba/envs/hoomd/lib/python3.12/logging/__init__.py", line 1164, in emit
    self.flush()
  File "/scratch/mh7373/micromamba/envs/hoomd/lib/python3.12/logging/__init__.py", line 1144, in flush
    self.stream.flush()
OSError: [Errno 122] Disk quota exceeded
Call stack:
  File "/scratch/mh7373/cav-hoomd/new_final_offres/05_advanced_run.py", line 509, in <module>
    sys.exit(main())
  File "/scratch/mh7373/cav-hoomd/new_final_offres/05_advanced_run.py", line 425, in main
    success = run_single_experiment(
  File "/scratch/mh7373/cav-hoomd/new_final_offres/05_advanced_run.py", line 230, in run_single_experiment
    return sim.run() == 0  # Return True for success (exit code 0)
  File "/scratch/mh7373/micromamba/envs/hoomd/lib/python3.12/site-packages/hoomd/cavitymd/simulation/core.py", line 4769, in run
    self.cleanup()  # Try to cleanup even on error
  File "/scratch/mh7373/micromamba/envs/hoomd/lib/python3.12/site-packages/hoomd/cavitymd/simulation/core.py", line 4813, in cleanup
    self.log_info("Cleanup initiated...")
  File "/scratch/mh7373/micromamba/envs/hoomd/lib/python3.12/site-packages/hoomd/cavitymd/simulation/core.py", line 1741, in log_info
    self.logger.info(message)
Message: 'Cleanup initiated...'
Arguments: ()
--- Logging error ---
Traceback (most recent call last):
  File "/scratch/mh7373/micromamba/envs/hoomd/lib/python3.12/site-packages/hoomd/cavitymd/simulation/core.py", line 4733, in run
    self.setup_trackers_and_loggers()
  File "/scratch/mh7373/micromamba/envs/hoomd/lib/python3.12/site-packages/hoomd/cavitymd/simulation/core.py", line 2666, in setup_trackers_and_loggers
    self.adaptive_action = AdaptiveTimestepUpdater(
                           ^^^^^^^^^^^^^^^^^^^^^^^^
  File "/scratch/mh7373/micromamba/envs/hoomd/lib/python3.12/site-packages/hoomd/cavitymd/simulation/timestep.py", line 82, in __init__
    print(f"Dynamic coupling change detection enabled", flush=True)
OSError: [Errno 122] Disk quota exceeded

During handling of the above exception, another exception occurred:

Traceback (most recent call last):
  File "/scratch/mh7373/micromamba/envs/hoomd/lib/python3.12/logging/__init__.py", line 1164, in emit
    self.flush()
  File "/scratch/mh7373/micromamba/envs/hoomd/lib/python3.12/logging/__init__.py", line 1144, in flush
    self.stream.flush()
OSError: [Errno 122] Disk quota exceeded
Call stack:
  File "/scratch/mh7373/cav-hoomd/new_final_offres/05_advanced_run.py", line 509, in <module>
    sys.exit(main())
  File "/scratch/mh7373/cav-hoomd/new_final_offres/05_advanced_run.py", line 425, in main
    success = run_single_experiment(
  File "/scratch/mh7373/cav-hoomd/new_final_offres/05_advanced_run.py", line 230, in run_single_experiment
    return sim.run() == 0  # Return True for success (exit code 0)
  File "/scratch/mh7373/micromamba/envs/hoomd/lib/python3.12/site-packages/hoomd/cavitymd/simulation/core.py", line 4769, in run
    self.cleanup()  # Try to cleanup even on error
  File "/scratch/mh7373/micromamba/envs/hoomd/lib/python3.12/site-packages/hoomd/cavitymd/simulation/core.py", line 4839, in cleanup
    self.log_info(f"Returned to original directory: {self.original_cwd}")
  File "/scratch/mh7373/micromamba/envs/hoomd/lib/python3.12/site-packages/hoomd/cavitymd/simulation/core.py", line 1741, in log_info
    self.logger.info(message)
Message: 'Returned to original directory: /scratch/mh7373/cav-hoomd/new_final_offres'
Arguments: ()
--- Logging error ---
Traceback (most recent call last):
  File "/scratch/mh7373/micromamba/envs/hoomd/lib/python3.12/site-packages/hoomd/cavitymd/simulation/core.py", line 4733, in run
    self.setup_trackers_and_loggers()
  File "/scratch/mh7373/micromamba/envs/hoomd/lib/python3.12/site-packages/hoomd/cavitymd/simulation/core.py", line 2666, in setup_trackers_and_loggers
    self.adaptive_action = AdaptiveTimestepUpdater(
                           ^^^^^^^^^^^^^^^^^^^^^^^^
  File "/scratch/mh7373/micromamba/envs/hoomd/lib/python3.12/site-packages/hoomd/cavitymd/simulation/timestep.py", line 82, in __init__
    print(f"Dynamic coupling change detection enabled", flush=True)
OSError: [Errno 122] Disk quota exceeded

During handling of the above exception, another exception occurred:

Traceback (most recent call last):
  File "/scratch/mh7373/micromamba/envs/hoomd/lib/python3.12/logging/__init__.py", line 1164, in emit
    self.flush()
  File "/scratch/mh7373/micromamba/envs/hoomd/lib/python3.12/logging/__init__.py", line 1144, in flush
    self.stream.flush()
OSError: [Errno 122] Disk quota exceeded
Call stack:
  File "/scratch/mh7373/cav-hoomd/new_final_offres/05_advanced_run.py", line 509, in <module>
    sys.exit(main())
  File "/scratch/mh7373/cav-hoomd/new_final_offres/05_advanced_run.py", line 425, in main
    success = run_single_experiment(
  File "/scratch/mh7373/cav-hoomd/new_final_offres/05_advanced_run.py", line 230, in run_single_experiment
    return sim.run() == 0  # Return True for success (exit code 0)
  File "/scratch/mh7373/micromamba/envs/hoomd/lib/python3.12/site-packages/hoomd/cavitymd/simulation/core.py", line 4769, in run
    self.cleanup()  # Try to cleanup even on error
  File "/scratch/mh7373/micromamba/envs/hoomd/lib/python3.12/site-packages/hoomd/cavitymd/simulation/core.py", line 4841, in cleanup
    self.log_info("Cleanup completed")
  File "/scratch/mh7373/micromamba/envs/hoomd/lib/python3.12/site-packages/hoomd/cavitymd/simulation/core.py", line 1741, in log_info
    self.logger.info(message)
Message: 'Cleanup completed'
Arguments: ()
Exception ignored in: <_io.TextIOWrapper name='<stdout>' mode='w' encoding='utf-8'>
OSError: [Errno 122] Disk quota exceeded
