SLURM Job ID: 1653178
SLURM Array Task ID: 307
Using frequency: 1060 cm-1
Fixed coupling strength (lambda): 0.042 (dimensionless)
Frame will be automatically set to: 307
Advanced Cavity MD Experiment Runner
==================================================
SLURM array job detected: Task 307 (Job 1653178)

*** COUPLING CONSTANT: 4.200000e-02 a.u. ***

Simulation Configuration:
  Cavity coupling: Enabled
    Coupling strength: 4.200000e-02 a.u.
    Frequency: 1060.0 cm⁻¹
    Finite-q mode: False
    Cavity thermostat: langevin
  Molecular thermostat: bussi
  Temperature: 100.0 K
  Runtime: 3000.0 ps
  Device: CPU
  Random seed: 0
  Velocity restart: Enabled - thermalizing velocities
  Momentum zeroing: Disabled

Starting execution for 1 replica(s)...
==================================================

Running replica 307...
>>> Will use FRAME 307 from init-0.gsd for this replica <<<
Running experiment:
  Cavity coupling: Enabled
  *** COUPLING STRENGTH: 4.200000e-02 a.u. ***
  Switch time: 200.0 ps
  Decay: None (step function)
  Damping ratio (zeta): 0.0
  Calculated dissipation (c): 0.0000e+00 a.u.
  Molecular thermostat: bussi
  Cavity thermostat: langevin
  Finite-q mode: False
  Replica: 307
  Frame: 307
  Output directory: coupling_420000e-07_freq_1060.0cm1_switch_200.0ps
  *** READING FRAME 307 FROM /scratch/mh7373/cav-hoomd/new_final_offres/init-0.gsd ***
  ✓ Successfully initialized simulation from frame 307
  ✓ Input file: /scratch/mh7373/cav-hoomd/new_final_offres/init-0.gsd
  ✓ Replica 307 ready to run...
2025-11-06 17:28:15 | INFO | ============================================================
2025-11-06 17:28:15 | INFO | CAVITY MD SIMULATION STARTED
2025-11-06 17:28:15 | INFO | ============================================================
2025-11-06 17:28:15 | INFO | Simulation: prod-307
2025-11-06 17:28:15 | INFO | Device: CPU
2025-11-06 17:28:15 | INFO | Runtime: 3000.0 ps
2025-11-06 17:28:15 | INFO | Temperature: 100.0 K
2025-11-06 17:28:15 | INFO | Random seed: 0
2025-11-06 17:28:15 | INFO | Cavity coupling: Enabled
2025-11-06 17:28:15 | INFO |   Frequency: 1060.0 cm^-1
2025-11-06 17:28:15 | INFO |   Lambda coupling: 0.042
2025-11-06 17:28:15 | INFO |   Epsilon (lambda * omega_c): 2.028480e-04 a.u.
2025-11-06 17:28:15 | INFO |   Finite-q mode: False
2025-11-06 17:28:15 | INFO | Molecular thermostat: bussi (tau=1.0 ps)
2025-11-06 17:28:15 | INFO | Cavity thermostat: langevin (tau=1.0 ps)
2025-11-06 17:28:15 | INFO | ============================================================
2025-11-06 17:28:15 | INFO | === Phase 1: Setting up simulation ===
2025-11-06 17:28:15 | INFO | Using default timestep for calculations: 0.0001 ps
2025-11-06 17:28:15 | INFO | Time conversions:
2025-11-06 17:28:15 | INFO |   Timestep: 0.0001 ps = 4.134138 a.u.
2025-11-06 17:28:15 | INFO |   Runtime: 3000.0 ps = 30000000 steps
2025-11-06 17:28:15 | INFO |   Steps per ps: 10000.0
2025-11-06 17:28:15 | INFO | Output periods (steps):
2025-11-06 17:28:15 | INFO |   Energy: 100 (0.010 ps)
2025-11-06 17:28:15 | INFO |   F(k,t): 10000 (1.000 ps)
2025-11-06 17:28:15 | INFO |   GSD: 10000 (1.000 ps)
2025-11-06 17:28:15 | INFO |   Console: 10000 (1.000 ps)
2025-11-06 17:28:15 | INFO | Initializing simulation on CPU
2025-11-06 17:28:15 | INFO | Using user-specified seed: 0
2025-11-06 17:28:15 | INFO | Cavity particle already exists in GSD file (1 found)
2025-11-06 17:28:15 | INFO | Simulation state created from original GSD file with existing cavity particle
2025-11-06 17:28:15 | INFO | Cavity particle validated at index 500, position HOOMDArray([ 0.72738296 -0.22104521  3.10393405])
2025-11-06 17:28:15 | INFO | === Phase 1.5: Setting up time tracker ===
2025-11-06 17:28:15 | INFO | === Phase 2: Configuring forces and thermostats ===
2025-11-06 17:28:15 | INFO | Using lambda_coupling=0.042 (will be scaled by omega_c=0.004830 a.u.)
2025-11-06 17:28:15 | INFO | Using constant coupling: lambda=0.042, epsilon=2.028480e-04 a.u.
CavityForce initialized using cpp implementation
  Using constant lambda coupling: 0.042 (dimensionless)
  Effective epsilon: 2.028480e-04 a.u.
2025-11-06 17:28:15 | INFO | Thermostat time constant conversions:
2025-11-06 17:28:15 | INFO |   Molecular: 1.000 ps = 41341.378917 a.u.
2025-11-06 17:28:15 | INFO |   Cavity: 1.000 ps = 41341.378917 a.u.
2025-11-06 17:28:15 | INFO | Running molecular system with Bussi thermostat (NVT ensemble)
2025-11-06 17:28:15 | INFO | Molecular Bussi thermostat configured: T = 100.0 K, kT = 0.000317 a.u., tau = 1.000 ps
2025-11-06 17:28:15 | INFO | Running cavity with Langevin thermostat
2025-11-06 17:28:15 | INFO | Cavity Langevin thermostat configured: T = 100.0 K, kT = 0.000317 a.u.
2025-11-06 17:28:15 | INFO |   base_gamma = 0.000024 a.u.^-1 (tau = 1.000 ps)
2025-11-06 17:28:15 | INFO |   effective_gamma = 0.000024 a.u.^-1 (damping_factor = 1.0x)
2025-11-06 17:28:15 | INFO | === Phase 3: Setting up integrator and thermalization ===
2025-11-06 17:28:15 | INFO | Integrator configured with initial dt = 4.134138 a.u. (0.000100 ps)
2025-11-06 17:28:15 | INFO | Number of integration methods: 2
2025-11-06 17:28:15 | INFO | CavityParticleDisplacer not needed (constant coupling or q=0 mode)
2025-11-06 17:28:15 | INFO | Using seed 1 for thermalization randomness
2025-11-06 17:28:15 | INFO | Thermalized molecular particles using HOOMD State object
2025-11-06 17:28:15 | INFO | Cavity particle manually thermalized:
2025-11-06 17:28:15 | INFO |   Target temperature: 100.0 K
2025-11-06 17:28:15 | INFO |   Initial velocity: [ 0.02890696 -0.01088686 -0.00939938]
2025-11-06 17:28:15 | INFO |   Expected KE: 0.000521 a.u.
2025-11-06 17:28:15 | INFO |   Expected temperature: 109.7 K
2025-11-06 17:28:15 | INFO |   Using array module: numpy
2025-11-06 17:28:15 | INFO | Checking molecular system temperature after thermalization:
2025-11-06 17:28:15 | INFO |   Number of molecular particles: 500
2025-11-06 17:28:15 | INFO |   Total kinetic energy: 0.237357 a.u.
2025-11-06 17:28:15 | INFO |   Current temperature: 99.9 K
2025-11-06 17:28:15 | INFO | Thermalization completed - velocities properly initialized
2025-11-06 17:28:15 | INFO | === Phase 4: Setting up trackers and loggers ===
2025-11-06 17:28:15 | INFO | Setting up adaptive timestep updater (error_tolerance = 2.0)
Dynamic coupling change detection enabled
2025-11-06 17:28:15 | ERROR | CRITICAL ERROR in simulation: [Errno 122] Disk quota exceeded
2025-11-06 17:28:15 | ERROR | Full traceback:
2025-11-06 17:28:15 | ERROR | Traceback (most recent call last):
2025-11-06 17:28:15 | ERROR |   File "/scratch/mh7373/micromamba/envs/hoomd/lib/python3.12/site-packages/hoomd/cavitymd/simulation/core.py", line 4733, in run
2025-11-06 17:28:15 | ERROR |     self.setup_trackers_and_loggers()
2025-11-06 17:28:15 | ERROR |   File "/scratch/mh7373/micromamba/envs/hoomd/lib/python3.12/site-packages/hoomd/cavitymd/simulation/core.py", line 2666, in setup_trackers_and_loggers
2025-11-06 17:28:15 | ERROR |     self.adaptive_action = AdaptiveTimestepUpdater(
2025-11-06 17:28:15 | ERROR |                            ^^^^^^^^^^^^^^^^^^^^^^^^
2025-11-06 17:28:15 | ERROR |   File "/scratch/mh7373/micromamba/envs/hoomd/lib/python3.12/site-packages/hoomd/cavitymd/simulation/timestep.py", line 82, in __init__
2025-11-06 17:28:15 | ERROR |     print(f"Dynamic coupling change detection enabled", flush=True)
2025-11-06 17:28:15 | ERROR | OSError: [Errno 122] Disk quota exceeded
2025-11-06 17:28:15 | INFO | Cleanup initiated...
DEBUG: Cleanup called - checking for fkt_tracker
DEBUG: No fkt_tracker found or it's None
2025-11-06 17:28:15 | INFO | Returned to original directory: /scratch/mh7373/cav-hoomd/new_final_offres
2025-11-06 17:28:15 | INFO | Cleanup completed
ERROR: Replica 307 failed (coupling: 4.200000e-02 a.u.)

==================================================
Execution Summary
==================================================
Coupling constant used: 4.200000e-02 a.u.
Total replicas: 1
Successful: 0
Failed: 1
Wall time: 0.53 seconds

WARNING: 1 replicas failed - check individual logs for details
✗ FAILED: DEBUG task 307
