SLURM Job ID: 1642040
SLURM Array Task ID: 116
Using frequency: 2060 cm-1
Fixed coupling strength (lambda): 0.042 (dimensionless)
Frame will be automatically set to: 116
Advanced Cavity MD Experiment Runner
==================================================
SLURM array job detected: Task 116 (Job 1642040)

*** COUPLING CONSTANT: 4.200000e-02 a.u. ***

Simulation Configuration:
  Cavity coupling: Enabled
    Coupling strength: 4.200000e-02 a.u.
    Frequency: 2060.0 cm⁻¹
    Finite-q mode: False
    Cavity thermostat: langevin
  Molecular thermostat: bussi
  Temperature: 100.0 K
  Runtime: 3000.0 ps
  Device: CPU
  Random seed: 0
  Velocity restart: Enabled - thermalizing velocities
  Momentum zeroing: Disabled

Starting execution for 1 replica(s)...
==================================================

Running replica 116...
>>> Will use FRAME 116 from init-0.gsd for this replica <<<
Running experiment:
  Cavity coupling: Enabled
  *** COUPLING STRENGTH: 4.200000e-02 a.u. ***
  Switch time: 200.0 ps
  Decay: None (step function)
  Damping ratio (zeta): 0.0
  Calculated dissipation (c): 0.0000e+00 a.u.
  Molecular thermostat: bussi
  Cavity thermostat: langevin
  Finite-q mode: False
  Replica: 116
  Frame: 116
  Output directory: coupling_420000e-07_freq_2060.0cm1_switch_200.0ps
  *** READING FRAME 116 FROM /scratch/mh7373/cav-hoomd/new_final_offres/init-0.gsd ***
  ✓ Successfully initialized simulation from frame 116
  ✓ Input file: /scratch/mh7373/cav-hoomd/new_final_offres/init-0.gsd
  ✓ Replica 116 ready to run...
2025-11-06 12:01:28 | INFO | ============================================================
2025-11-06 12:01:28 | INFO | CAVITY MD SIMULATION STARTED
2025-11-06 12:01:28 | INFO | ============================================================
2025-11-06 12:01:28 | INFO | Simulation: prod-116
2025-11-06 12:01:28 | INFO | Device: CPU
2025-11-06 12:01:28 | INFO | Runtime: 3000.0 ps
2025-11-06 12:01:28 | INFO | Temperature: 100.0 K
2025-11-06 12:01:28 | INFO | Random seed: 0
2025-11-06 12:01:28 | INFO | Cavity coupling: Enabled
2025-11-06 12:01:28 | INFO |   Frequency: 2060.0 cm^-1
2025-11-06 12:01:28 | INFO |   Lambda coupling: 0.042
2025-11-06 12:01:28 | INFO |   Epsilon (lambda * omega_c): 3.942141e-04 a.u.
2025-11-06 12:01:28 | INFO |   Finite-q mode: False
2025-11-06 12:01:28 | INFO | Molecular thermostat: bussi (tau=1.0 ps)
2025-11-06 12:01:28 | INFO | Cavity thermostat: langevin (tau=1.0 ps)
2025-11-06 12:01:28 | INFO | ============================================================
2025-11-06 12:01:28 | INFO | === Phase 1: Setting up simulation ===
2025-11-06 12:01:28 | INFO | Using default timestep for calculations: 0.0001 ps
2025-11-06 12:01:28 | INFO | Time conversions:
2025-11-06 12:01:28 | INFO |   Timestep: 0.0001 ps = 4.134138 a.u.
2025-11-06 12:01:28 | INFO |   Runtime: 3000.0 ps = 30000000 steps
2025-11-06 12:01:28 | INFO |   Steps per ps: 10000.0
2025-11-06 12:01:28 | INFO | Output periods (steps):
2025-11-06 12:01:28 | INFO |   Energy: 100 (0.010 ps)
2025-11-06 12:01:28 | INFO |   F(k,t): 10000 (1.000 ps)
2025-11-06 12:01:28 | INFO |   GSD: 10000 (1.000 ps)
2025-11-06 12:01:28 | INFO |   Console: 10000 (1.000 ps)
2025-11-06 12:01:28 | INFO | Initializing simulation on CPU
2025-11-06 12:01:28 | INFO | Using user-specified seed: 0
2025-11-06 12:01:28 | INFO | Cavity particle already exists in GSD file (1 found)
2025-11-06 12:01:28 | INFO | Simulation state created from original GSD file with existing cavity particle
2025-11-06 12:01:28 | INFO | Cavity particle validated at index 500, position HOOMDArray([ 0.77486914 -3.21974158 -1.45929825])
2025-11-06 12:01:28 | INFO | === Phase 1.5: Setting up time tracker ===
2025-11-06 12:01:28 | INFO | === Phase 2: Configuring forces and thermostats ===
2025-11-06 12:01:28 | INFO | Using lambda_coupling=0.042 (will be scaled by omega_c=0.009386 a.u.)
2025-11-06 12:01:28 | INFO | Using constant coupling: lambda=0.042, epsilon=3.942141e-04 a.u.
CavityForce initialized using cpp implementation
  Using constant lambda coupling: 0.042 (dimensionless)
  Effective epsilon: 3.942141e-04 a.u.
2025-11-06 12:01:28 | INFO | Thermostat time constant conversions:
2025-11-06 12:01:28 | INFO |   Molecular: 1.000 ps = 41341.378917 a.u.
2025-11-06 12:01:28 | INFO |   Cavity: 1.000 ps = 41341.378917 a.u.
2025-11-06 12:01:28 | INFO | Running molecular system with Bussi thermostat (NVT ensemble)
2025-11-06 12:01:28 | INFO | Molecular Bussi thermostat configured: T = 100.0 K, kT = 0.000317 a.u., tau = 1.000 ps
2025-11-06 12:01:28 | INFO | Running cavity with Langevin thermostat
2025-11-06 12:01:28 | INFO | Cavity Langevin thermostat configured: T = 100.0 K, kT = 0.000317 a.u.
2025-11-06 12:01:28 | INFO |   base_gamma = 0.000024 a.u.^-1 (tau = 1.000 ps)
2025-11-06 12:01:28 | INFO |   effective_gamma = 0.000024 a.u.^-1 (damping_factor = 1.0x)
2025-11-06 12:01:28 | INFO | === Phase 3: Setting up integrator and thermalization ===
2025-11-06 12:01:28 | INFO | Integrator configured with initial dt = 4.134138 a.u. (0.000100 ps)
2025-11-06 12:01:28 | INFO | Number of integration methods: 2
2025-11-06 12:01:28 | INFO | CavityParticleDisplacer not needed (constant coupling or q=0 mode)
2025-11-06 12:01:28 | INFO | Using seed 1 for thermalization randomness
2025-11-06 12:01:28 | INFO | Thermalized molecular particles using HOOMD State object
2025-11-06 12:01:28 | INFO | Cavity particle manually thermalized:
2025-11-06 12:01:28 | INFO |   Target temperature: 100.0 K
2025-11-06 12:01:28 | INFO |   Initial velocity: [ 0.02890696 -0.01088686 -0.00939938]
2025-11-06 12:01:28 | INFO |   Expected KE: 0.000521 a.u.
2025-11-06 12:01:28 | INFO |   Expected temperature: 109.7 K
2025-11-06 12:01:28 | INFO |   Using array module: numpy
2025-11-06 12:01:28 | INFO | Checking molecular system temperature after thermalization:
2025-11-06 12:01:28 | INFO |   Number of molecular particles: 500
2025-11-06 12:01:28 | INFO |   Total kinetic energy: 0.230578 a.u.
2025-11-06 12:01:28 | INFO |   Current temperature: 97.1 K
2025-11-06 12:01:28 | INFO | Thermalization completed - velocities properly initialized
2025-11-06 12:01:28 | INFO | === Phase 4: Setting up trackers and loggers ===
2025-11-06 12:01:28 | INFO | Setting up adaptive timestep updater (error_tolerance = 2.0)
Dynamic coupling change detection enabled
Coupling change threshold: ±1.00e-05 a.u.
Shock dampening: error_tolerance drops to 2.00e-10 (factor: 1.00e-10)
Recovery: exponential ramp to 2.00e+00 with τ = 1000.0 ps
Conservative timestep parameters:
  Change threshold: 10.0%
  Max change factor: 1.5
  Min update interval: 1000 steps
  Switch detection tolerance: 0.001 ps
2025-11-06 12:01:28 | INFO | Adaptive timestep updater enabled (check every 1 steps)
CavityForceCompute initialized: omegac=0.00938605 a.u., lambda_coupling=0.042 (dimensionless, from variant), K=8.80979e-05 a.u.
CPU CavityForceCompute initialized successfully
notice(2): charge.pppm: RMS error: 2.31675e-08
NOTICE: Starting from inherited timestep 18350000
  Elapsed time will start from 0, not from inherited simulation time
DEBUG @ t=18350000: current_coupling=0.042, last=None
DEBUG: First coupling check - stored value: 0.042
2025-11-06 12:01:28 | INFO |   Added detailed BussiReservoir energy tracking for method 0
2025-11-06 12:01:28 | INFO |   Added energy tracking for cavityforce
2025-11-06 12:01:28 | INFO |   Added detailed cavity energy components
2025-11-06 12:01:28 | INFO |   Added energy tracking for harmonic
2025-11-06 12:01:28 | INFO |   Added energy tracking for lj
2025-11-06 12:01:28 | INFO |   Added energy tracking for ewald
2025-11-06 12:01:28 | INFO |   Added energy tracking for coulomb
2025-11-06 12:01:28 | INFO | Energy tracking setup completed: 0 methods, 5 forces
2025-11-06 12:01:28 | INFO | Setting up energy tracker with output file: prod-116_energy_tracker.txt
2025-11-06 12:01:28 | INFO | Energy tracker configuration:
2025-11-06 12:01:28 | INFO |   Using time-based output: 0.010 ps
2025-11-06 12:01:28 | INFO |   Max output time: 250.000 ps
2025-11-06 12:01:28 | INFO | Energy tracker configuration:
2025-11-06 12:01:28 | INFO |   Force objects: ['cavity', 'harmonic', 'lj', 'ewald_short', 'ewald_long']
2025-11-06 12:01:28 | INFO |   Thermostat objects: ['bussi_molecular', 'langevin_cavity']
2025-11-06 12:01:28 | INFO |   Using internal kinetic computation (no external tracker needed)
2025-11-06 12:01:28 | INFO |  Energy tracker setup completed with time-based output:
2025-11-06 12:01:28 | INFO |   Output period: 0.010 ps (accurate timing)
2025-11-06 12:01:28 | INFO |   Tracker handles timing internally using ElapsedTimeTracker
2025-11-06 12:01:28 | INFO |   Output limited to 250.000 ps
2025-11-06 12:01:28 | INFO | Setting up F(k,t) density correlation tracker
2025-11-06 12:01:28 | INFO |   k magnitude: 1.00
2025-11-06 12:01:28 | INFO |   Number of wavevectors: 50
2025-11-06 12:01:28 | INFO |   Reference interval: 200.000 ps
2025-11-06 12:01:28 | INFO |   Max references: 20
2025-11-06 12:01:28 | INFO |   Output period: 1.000 ps
2025-11-06 12:01:28 | INFO |   Using time-based reference intervals for adaptive timestep compatibility
2025-11-06 12:01:28 | INFO |   Reference interval: 200.000 ps
2025-11-06 12:01:28 | INFO |   Trigger period: 1 step
2025-11-06 12:01:28 | INFO |   Logarithmic time spacing: DISABLED (regular spacing)
FieldAutocorrelationTracker initialized for density_correlation
  k-magnitude: 1.0
  Wavevectors: 50
  Reference interval: 200.0 ps
  Max references: 20
2025-11-06 12:01:28 | INFO |  F(k,t) tracker successfully enabled with time-based output:
2025-11-06 12:01:28 | INFO |   Output period: 1.000 ps (accurate timing)
2025-11-06 12:01:28 | INFO |   Reference interval: 200.000 ps
2025-11-06 12:01:28 | INFO |   Tracker handles timing internally using ElapsedTimeTracker
2025-11-06 12:01:28 | INFO | Setting up dipole autocorrelation tracker...
2025-11-06 12:01:28 | INFO |   Reference interval: 200.000 ps
2025-11-06 12:01:28 | INFO |   Max references: 20
2025-11-06 12:01:28 | INFO |   Output period: 0.010 ps
2025-11-06 12:01:28 | INFO |   Using time-based reference intervals for adaptive timestep compatibility
2025-11-06 12:01:28 | INFO |   Reference interval: 200.000 ps
2025-11-06 12:01:28 | INFO |   Trigger period: 1 step
2025-11-06 12:01:28 | WARNING | Could not set up dipole autocorrelation tracker: Can't instantiate abstract class AutocorrelationTracker without an implementation for abstract method 'act'
2025-11-06 12:01:28 | INFO | Momentum zeroing disabled
2025-11-06 12:01:28 | INFO |  TRACKING AND LOGGING SETUP COMPLETED:
2025-11-06 12:01:28 | INFO |   All output systems now use precise time-based periods
2025-11-06 12:01:28 | INFO |  Comprehensive temperature tracker enabled
2025-11-06 12:01:28 | INFO |   Output file: temperature_tracker_replica_116.csv
2025-11-06 12:01:28 | INFO |   Output period: 0.1 ps
2025-11-06 12:01:28 | INFO |   Tracking: kinetic, harmonic fictive, LJ+Coul fictive, cavity bath, molecular bath
2025-11-06 12:01:28 | INFO |   Empirical data: None (LJ+Coul fictive temp will be 0)
2025-11-06 12:01:28 | INFO | 
============================================================
2025-11-06 12:01:28 | INFO | HDF5 OBSERVABLE OUTPUT CONFIGURATION
2025-11-06 12:01:28 | INFO | ============================================================
2025-11-06 12:01:28 | INFO | Output file: observables_replica_116.h5
2025-11-06 12:01:28 | INFO | Output period: 0.010 ps
2025-11-06 12:01:28 | INFO | SWMR mode: Enabled (concurrent read access)
2025-11-06 12:01:28 | INFO | ============================================================

✓ HDF5 file structure created: observables_replica_116.h5
ObservableWriter initialized:
  Output file: observables_replica_116.h5
  Output period: 0.01 ps
  Chunk size: 1000
  Compression: gzip
  SWMR mode: True
  Flush interval: 10
✓ Energy tracker registered (18 components)
2025-11-06 12:01:28 | INFO |   Registered energy tracker for HDF5 output
✓ Temperature tracker registered (6 components)
2025-11-06 12:01:28 | INFO |   Registered temperature tracker for HDF5 output
2025-11-06 12:01:28 | INFO | ✓ HDF5 observable output enabled

2025-11-06 12:01:28 | INFO | Advanced features enabled: detailed energy tracking (0.010 ps), F(k,t) density correlation (1.000 ps, k=1.0), dipole autocorrelation (0.010 ps), adaptive timestep control, comprehensive temperature tracker (0.1 ps), HDF5 observable output (0.010 ps)
2025-11-06 12:01:28 | INFO | Console output: 1.000 ps periods (time-based)
2025-11-06 12:01:28 | INFO |   Works accurately for both adaptive and fixed timestep modes
2025-11-06 12:01:28 | INFO | DEBUG: PID controller NOT enabled (enable_pid_controller=False)
2025-11-06 12:01:28 | INFO | === Phase 5: Setting up output writers ===
2025-11-06 12:01:28 | INFO | GSD output setup for adaptive timestep mode:
2025-11-06 12:01:28 | INFO |   GSD trigger: every 1000 steps (target: 1.000 ps)
2025-11-06 12:01:28 | INFO |   Note: GSD timing may vary slightly due to adaptive timestep changes
2025-11-06 12:01:28 | INFO | GSD writer added for file: prod-116.gsd
2025-11-06 12:01:28 | INFO |   GSD output period: 1.000 ps
2025-11-06 12:01:28 | INFO |   GSD truncate mode: False (append to existing file)
2025-11-06 12:01:28 | INFO |  Console output setup completed:
2025-11-06 12:01:28 | INFO |   Output period: 1.000 ps (accurate time-based)
2025-11-06 12:01:28 | INFO |   Lambda coupling column: 4.200000e-02 (dimensionless) (displayed in real-time)
2025-11-06 12:01:28 | INFO |   Console tracker handles timing internally using ElapsedTimeTracker
2025-11-06 12:01:28 | INFO |   Works accurately for both adaptive and fixed timestep modes
2025-11-06 12:01:28 | INFO |  FIXED: Console output now uses precise time-based logic
2025-11-06 12:01:28 | INFO |   Both console and energy tracker use accurate timing
2025-11-06 12:01:28 | INFO |   GSD output timing may vary slightly but is less critical
2025-11-06 12:01:28 | INFO | === Phase 6: Running simulation ===
2025-11-06 12:01:28 | INFO | Starting adaptive timestep simulation for 3000.0 ps
2025-11-06 12:01:28 | INFO | Using max steps: 999999999 (will exit when runtime reached)
2025-11-06 12:01:28 | INFO | Initial timestep: 43.194055 a.u. (1.045 fs)
2025-11-06 12:01:28 | INFO | Timestep will adapt dynamically (error_tolerance = 2.0)
Added F(k,t) reference 0 at t = 0.001 ps
[HDF5 Writer DEBUG] timestep=18350001, current_time_ps=0.001, last_output_time=None, write_count=0
[HDF5 Writer DEBUG] Writing data point 0 at time 0.001 ps
[HDF5 Writer DEBUG] timestep=18350002, current_time_ps=0.002, last_output_time=0.0010448140899786324, write_count=1
[HDF5 Writer DEBUG] Skipping output: not time yet (current=0.002, last=0.0010448140899786324, period=0.01)
[HDF5 Writer DEBUG] timestep=18350003, current_time_ps=0.003, last_output_time=0.0010448140899786324, write_count=1
[HDF5 Writer DEBUG] Skipping output: not time yet (current=0.003, last=0.0010448140899786324, period=0.01)
2025-11-06 12:01:28 | ERROR | CRITICAL ERROR in simulation: Particle with unique tag 500 is no longer in the simulation box.

Cartesian coordinates: 
x: -8.78551 y: -30.7067 z: -0.934725
Fractional coordinates: 
f.x: 0.280362 f.y: -0.267668 f.z: 0.476632
Local box lo: (-20, -20, -20)
          hi: (20, 20, 20)

2025-11-06 12:01:28 | ERROR | Full traceback:
2025-11-06 12:01:28 | ERROR | Traceback (most recent call last):
2025-11-06 12:01:28 | ERROR |   File "/scratch/mh7373/micromamba/envs/hoomd/lib/python3.12/site-packages/hoomd/cavitymd/simulation/core.py", line 4753, in run
2025-11-06 12:01:28 | ERROR |     self.run_simulation()
2025-11-06 12:01:28 | ERROR |   File "/scratch/mh7373/micromamba/envs/hoomd/lib/python3.12/site-packages/hoomd/cavitymd/simulation/core.py", line 4807, in run_simulation
2025-11-06 12:01:28 | ERROR |     self.sim.run(total_steps, write_at_start=True)
2025-11-06 12:01:28 | ERROR |   File "/scratch/mh7373/micromamba/envs/hoomd/lib/python3.12/site-packages/hoomd/simulation.py", line 561, in run
2025-11-06 12:01:28 | ERROR |     self._cpp_sys.run(steps_int, write_at_start)
2025-11-06 12:01:28 | ERROR | RuntimeError: Particle with unique tag 500 is no longer in the simulation box.
2025-11-06 12:01:28 | ERROR | Cartesian coordinates: 
2025-11-06 12:01:28 | ERROR | x: -8.78551 y: -30.7067 z: -0.934725
2025-11-06 12:01:28 | ERROR | Fractional coordinates: 
2025-11-06 12:01:28 | ERROR | f.x: 0.280362 f.y: -0.267668 f.z: 0.476632
2025-11-06 12:01:28 | ERROR | Local box lo: (-20, -20, -20)
2025-11-06 12:01:28 | ERROR |           hi: (20, 20, 20)
2025-11-06 12:01:28 | INFO | Cleanup initiated...
2025-11-06 12:01:28 | INFO | Closing HDF5 observable writer...
✓ HDF5 file closed: observables_replica_116.h5
  Total data points written: 1
DEBUG: Cleanup called - checking for fkt_tracker
DEBUG: No fkt_tracker found or it's None
2025-11-06 12:01:28 | INFO | Returned to original directory: /scratch/mh7373/cav-hoomd/new_final_offres
2025-11-06 12:01:28 | INFO | Cleanup completed
ERROR: Replica 116 failed (coupling: 4.200000e-02 a.u.)

==================================================
Execution Summary
==================================================
Coupling constant used: 4.200000e-02 a.u.
Total replicas: 1
Successful: 0
Failed: 1
Wall time: 0.49 seconds

WARNING: 1 replicas failed - check individual logs for details
✗ FAILED: DEBUG task 116
