SLURM Job ID: 1653022
SLURM Array Task ID: 151
Using frequency: 1060 cm-1
Fixed coupling strength (lambda): 0.042 (dimensionless)
Frame will be automatically set to: 151
Advanced Cavity MD Experiment Runner
==================================================
SLURM array job detected: Task 151 (Job 1653022)

*** COUPLING CONSTANT: 4.200000e-02 a.u. ***

Simulation Configuration:
  Cavity coupling: Enabled
    Coupling strength: 4.200000e-02 a.u.
    Frequency: 1060.0 cm⁻¹
    Finite-q mode: False
    Cavity thermostat: langevin
  Molecular thermostat: bussi
  Temperature: 100.0 K
  Runtime: 3000.0 ps
  Device: CPU
  Random seed: 0
  Velocity restart: Enabled - thermalizing velocities
  Momentum zeroing: Disabled

Starting execution for 1 replica(s)...
==================================================

Running replica 151...
>>> Will use FRAME 151 from init-0.gsd for this replica <<<
Running experiment:
  Cavity coupling: Enabled
  *** COUPLING STRENGTH: 4.200000e-02 a.u. ***
  Switch time: 200.0 ps
  Decay: None (step function)
  Damping ratio (zeta): 0.0
  Calculated dissipation (c): 0.0000e+00 a.u.
  Molecular thermostat: bussi
  Cavity thermostat: langevin
  Finite-q mode: False
  Replica: 151
  Frame: 151
  Output directory: coupling_420000e-07_freq_1060.0cm1_switch_200.0ps
  *** READING FRAME 151 FROM /scratch/mh7373/cav-hoomd/new_final_offres/init-0.gsd ***
  ✓ Successfully initialized simulation from frame 151
  ✓ Input file: /scratch/mh7373/cav-hoomd/new_final_offres/init-0.gsd
  ✓ Replica 151 ready to run...
2025-11-06 17:28:11 | INFO | ============================================================
2025-11-06 17:28:11 | INFO | CAVITY MD SIMULATION STARTED
2025-11-06 17:28:11 | INFO | ============================================================
2025-11-06 17:28:11 | INFO | Simulation: prod-151
2025-11-06 17:28:11 | INFO | Device: CPU
2025-11-06 17:28:11 | INFO | Runtime: 3000.0 ps
2025-11-06 17:28:11 | INFO | Temperature: 100.0 K
2025-11-06 17:28:11 | INFO | Random seed: 0
2025-11-06 17:28:11 | INFO | Cavity coupling: Enabled
2025-11-06 17:28:11 | INFO |   Frequency: 1060.0 cm^-1
2025-11-06 17:28:11 | INFO |   Lambda coupling: 0.042
2025-11-06 17:28:11 | INFO |   Epsilon (lambda * omega_c): 2.028480e-04 a.u.
2025-11-06 17:28:11 | INFO |   Finite-q mode: False
2025-11-06 17:28:11 | INFO | Molecular thermostat: bussi (tau=1.0 ps)
2025-11-06 17:28:11 | INFO | Cavity thermostat: langevin (tau=1.0 ps)
2025-11-06 17:28:11 | INFO | ============================================================
2025-11-06 17:28:11 | INFO | === Phase 1: Setting up simulation ===
2025-11-06 17:28:11 | INFO | Using default timestep for calculations: 0.0001 ps
2025-11-06 17:28:11 | INFO | Time conversions:
2025-11-06 17:28:11 | INFO |   Timestep: 0.0001 ps = 4.134138 a.u.
2025-11-06 17:28:11 | INFO |   Runtime: 3000.0 ps = 30000000 steps
2025-11-06 17:28:11 | INFO |   Steps per ps: 10000.0
2025-11-06 17:28:11 | INFO | Output periods (steps):
2025-11-06 17:28:11 | INFO |   Energy: 100 (0.010 ps)
2025-11-06 17:28:11 | INFO |   F(k,t): 10000 (1.000 ps)
2025-11-06 17:28:11 | INFO |   GSD: 10000 (1.000 ps)
2025-11-06 17:28:11 | INFO |   Console: 10000 (1.000 ps)
2025-11-06 17:28:11 | INFO | Initializing simulation on CPU
2025-11-06 17:28:11 | INFO | Using user-specified seed: 0
2025-11-06 17:28:11 | INFO | Cavity particle already exists in GSD file (1 found)
2025-11-06 17:28:11 | INFO | Simulation state created from original GSD file with existing cavity particle
2025-11-06 17:28:11 | INFO | Cavity particle validated at index 500, position HOOMDArray([-0.1689481  -0.57959449  1.5917002 ])
2025-11-06 17:28:11 | INFO | === Phase 1.5: Setting up time tracker ===
2025-11-06 17:28:11 | INFO | === Phase 2: Configuring forces and thermostats ===
✗ FAILED: DEBUG task 151
