/scratch/mh7373/miniforge3/envs/hoomd/lib/python3.12/site-packages/hoomd/cavitymd/__init__.py:51: UserWarning: Using HOOMD 5.4.0 instead of tested version 5.2.0. Some features may not work as expected.
  warnings.warn(
/scratch/mh7373/miniforge3/envs/hoomd/lib/python3.12/site-packages/hoomd/bussi_reservoir/__init__.py:20: UserWarning: Using HOOMD 5.4.0 instead of tested version 5.2.0.
  warnings.warn(
WARNING: cvxpy not available. AdaptiveMPCController will not work.
Install with: pip install cvxpy
Advanced Cavity MD Experiment Runner
==================================================
Local execution: Replicas [0]

*** LAMBDA COUPLING: 0.000000e+00 (epsilon = 0.000000e+00 a.u.) ***

Simulation Configuration:
  Cavity coupling: Enabled
    Lambda coupling: 0.000000e+00
    Epsilon (lambda * omega_c): 0.000000e+00 a.u.
    Coupling type: step
    Frequency: 1560.0 cm⁻¹
    Finite-q mode: False
    Cavity thermostat: langevin
  Molecular thermostat: bussi
  Temperature: 100.0 K
  Runtime: 5.0 ps
  Device: GPU
    GPU ID: 0
  Random seed: 1
  Velocity restart: Enabled - thermalizing velocities
  Momentum zeroing: Disabled

Starting execution for 1 replica(s)...
==================================================

Running replica 0...
Running experiment:
  Cavity coupling: Enabled
  *** LAMBDA COUPLING: 0.000000e+00 (epsilon = lambda * omega_c = 0.000000e+00 a.u.) ***
  Switch time: 200.0 ps
  Decay: None (step function)
  Damping ratio (zeta): 0.0
  Calculated dissipation (c): 0.0000e+00 a.u.
  Molecular thermostat: bussi
  Cavity thermostat: langevin
  Finite-q mode: False
  Replica: 0
  Frame: -1
  Output directory: cavity_coupling_0epos00_switch_200.0ps
2026-07-17 21:28:59 | INFO | ============================================================
2026-07-17 21:28:59 | INFO | CAVITY MD SIMULATION STARTED
2026-07-17 21:28:59 | INFO | ============================================================
2026-07-17 21:28:59 | INFO | Simulation: prod-0
2026-07-17 21:28:59 | INFO | Device: GPU (GPU 0)
2026-07-17 21:28:59 | INFO | Runtime: 5.0 ps
2026-07-17 21:28:59 | INFO | Temperature: 100.0 K
2026-07-17 21:28:59 | INFO | Random seed: 1
2026-07-17 21:28:59 | INFO | Cavity coupling: Enabled
2026-07-17 21:28:59 | INFO |   Frequency: 1560.0 cm^-1
2026-07-17 21:28:59 | INFO |   Lambda coupling: 0.0
2026-07-17 21:28:59 | INFO |   Epsilon (lambda * omega_c): 0.000000e+00 a.u.
2026-07-17 21:28:59 | INFO |   Finite-q mode: False
2026-07-17 21:28:59 | INFO | Molecular thermostat: bussi (tau=5.0 ps)
2026-07-17 21:28:59 | INFO | Cavity thermostat: langevin (tau=5.0 ps)
2026-07-17 21:28:59 | INFO | ============================================================
2026-07-17 21:28:59 | INFO | === Phase 1: Setting up simulation ===
2026-07-17 21:28:59 | INFO | Using user-specified timestep for calculations: 1.0 fs = 0.001 ps
2026-07-17 21:28:59 | INFO | Time conversions:
2026-07-17 21:28:59 | INFO |   Timestep: 0.001 ps = 41.341379 a.u.
2026-07-17 21:28:59 | INFO |   Runtime: 5.0 ps = 5000 steps
2026-07-17 21:28:59 | INFO |   Steps per ps: 1000.0
2026-07-17 21:28:59 | INFO | Output periods (steps):
2026-07-17 21:28:59 | INFO |   Energy: 100 (0.100 ps)
2026-07-17 21:28:59 | INFO |   F(k,t): 1000 (1.000 ps)
2026-07-17 21:28:59 | INFO |   GSD: 50000 (50.000 ps)
2026-07-17 21:28:59 | INFO |   Console: 1000 (1.000 ps)
2026-07-17 21:28:59 | INFO | Initializing simulation on GPU 0
2026-07-17 21:28:59 | INFO | Using user-specified seed: 1
2026-07-17 21:28:59 | INFO | Cavity particle already exists in GSD file (1 found)
2026-07-17 21:28:59 | INFO | Simulation state created from original GSD file with existing cavity particle
2026-07-17 21:28:59 | INFO | Cavity particle validated at index 500, position [1.95809317 1.72912288 2.03460741]
2026-07-17 21:28:59 | INFO | === Phase 1.5: Setting up time tracker ===
2026-07-17 21:28:59 | INFO | === Phase 2: Configuring forces and thermostats ===
2026-07-17 21:28:59 | INFO | Using lambda_coupling=0.0 (will be scaled by omega_c=0.007108 a.u.)
StepVariant initialized:
  Target value: 0.0
  Switch time: 200.0 ps
  No decay (standard step function)
  No turn-off time (runs indefinitely)
  Using ElapsedTimeTracker for accurate timing
2026-07-17 21:28:59 | INFO | Using step coupling:
2026-07-17 21:28:59 | INFO |   Target lambda: 0.0
2026-07-17 21:28:59 | INFO |   Target epsilon: 0.000000e+00 a.u.
2026-07-17 21:28:59 | INFO |   Switch time: 200.0 ps
CavityForce initialized using cpp implementation
  Using time-varying lambda coupling (dimensionless)
2026-07-17 21:28:59 | INFO | Thermostat time constant conversions:
2026-07-17 21:28:59 | INFO |   Molecular: 5.000 ps = 206706.894584 a.u.
2026-07-17 21:28:59 | INFO |   Cavity: 5.000 ps = 206706.894584 a.u.
2026-07-17 21:28:59 | INFO | Running molecular system with Bussi thermostat (NVT ensemble)
2026-07-17 21:28:59 | INFO | Molecular Bussi thermostat configured: T = 100.0 K, kT = 0.000317 a.u., tau = 5.000 ps
2026-07-17 21:28:59 | INFO | Running cavity with Langevin thermostat
2026-07-17 21:28:59 | INFO | Cavity Langevin thermostat configured: T = 100.0 K, kT = 0.000317 a.u.
2026-07-17 21:28:59 | INFO |   base_gamma = 0.000005 a.u.^-1 (tau = 5.000 ps)
2026-07-17 21:28:59 | INFO |   effective_gamma = 0.000005 a.u.^-1 (damping_factor = 1.0x)
2026-07-17 21:28:59 | INFO | === Phase 3: Setting up integrator and thermalization ===
2026-07-17 21:28:59 | INFO | Integrator configured with initial dt = 41.341379 a.u. (0.001000 ps)
2026-07-17 21:28:59 | INFO | Number of integration methods: 2
2026-07-17 21:28:59 | INFO | CavityParticleDisplacer not needed (constant coupling or q=0 mode)
2026-07-17 21:28:59 | INFO | Using seed 2 for thermalization randomness
2026-07-17 21:28:59 | INFO | Thermalized molecular particles using HOOMD State object
2026-07-17 21:28:59 | INFO | Cavity particle thermalized via HOOMD State API:
2026-07-17 21:28:59 | INFO |   Target temperature: 100.0 K
2026-07-17 21:28:59 | INFO |   kT: 3.167000e-04 a.u.
2026-07-17 21:28:59 | INFO | Checking molecular system temperature after thermalization:
2026-07-17 21:28:59 | INFO |   Number of molecular particles: 500
2026-07-17 21:28:59 | INFO |   Total kinetic energy: 0.238112 a.u.
2026-07-17 21:28:59 | INFO |   Current temperature: 100.2 K
2026-07-17 21:28:59 | INFO | Thermalization completed - velocities properly initialized
2026-07-17 21:28:59 | INFO | === Phase 4: Setting up trackers and loggers ===
2026-07-17 21:28:59 | INFO | Fixed timestep mode (error_tolerance = 0)
CavityForceCompute initialized: omegac=0.00710788 a.u., lambda_coupling=0 (dimensionless, from variant), K=5.0522e-05 a.u.
GPU arrays initialized successfully
CUDA CavityForceComputeGPU initialized successfully
notice(2): charge.pppm: RMS error: 2.31675e-08
NOTICE: Starting from inherited timestep 37500000
  Elapsed time will start from 0, not from inherited simulation time
2026-07-17 21:29:00 | ERROR | CRITICAL ERROR in simulation: Invalid data location state.
2026-07-17 21:29:00 | ERROR | Full traceback:
2026-07-17 21:29:00 | ERROR | Traceback (most recent call last):
2026-07-17 21:29:00 | ERROR |   File "/scratch/mh7373/miniforge3/envs/hoomd/lib/python3.12/site-packages/hoomd/cavitymd/simulation/core.py", line 4733, in run
2026-07-17 21:29:00 | ERROR |     self.setup_trackers_and_loggers()
2026-07-17 21:29:00 | ERROR |   File "/scratch/mh7373/miniforge3/envs/hoomd/lib/python3.12/site-packages/hoomd/cavitymd/simulation/core.py", line 2717, in setup_trackers_and_loggers
2026-07-17 21:29:00 | ERROR |     self.sim.run(1, write_at_start=False)
2026-07-17 21:29:00 | ERROR |   File "/scratch/mh7373/miniforge3/envs/hoomd/lib/python3.12/site-packages/hoomd/simulation.py", line 561, in run
2026-07-17 21:29:00 | ERROR |     self._cpp_sys.run(steps_int, write_at_start)
2026-07-17 21:29:00 | ERROR | RuntimeError: Invalid data location state.
2026-07-17 21:29:00 | INFO | Cleanup initiated...
DEBUG: Cleanup called - checking for fkt_tracker
DEBUG: No fkt_tracker found or it's None
2026-07-17 21:29:00 | INFO | Returned to original directory: /scratch/mh7373/projects/cav-hoomd/aging_weak_lambda_k6/_boot_diag
2026-07-17 21:29:00 | INFO | Cleanup completed
ERROR: Replica 0 failed (lambda=0.000000e+00)

==================================================
Execution Summary
==================================================
Lambda coupling used: 0.000000e+00
Epsilon (lambda * omega_c): 0.000000e+00 a.u.
Total replicas: 1
Successful: 0
Failed: 1
Wall time: 0.99 seconds

WARNING: 1 replicas failed - check individual logs for details
