==== watch start 20260718T000904Z job=14156210 min=20 ====
20260718T000904Z complete_h5 lambda0=0 lambda0p03=0
PENDING Priority
==== watch start 20260718T001305Z job=14156210 min=2 ====
20260718T001306Z complete_h5 lambda0=0 lambda0p03=0
RUNNING None
PENDING QOSGrpGRES
==== watch start 20260718T001445Z job=14156716 min=2 ====
20260718T001446Z complete_h5 lambda0=0 lambda0p03=0
PENDING QOSMaxGRESPerUser
==== watch start 20260718T001704Z job=14156750 min=2 ====
20260718T001705Z complete_h5 lambda0=0 lambda0p03=0
PENDING QOSGrpGRES
20260718T001836Z complete_h5 lambda0=0 lambda0p03=0
PENDING QOSGrpGRES
RUNNING None
RUNNING None
20260718T002007Z complete_h5 lambda0=0 lambda0p03=0
PENDING QOSGrpGRES
==== watch start 20260718T002019Z job=14156820 min=2 ====
20260718T002020Z complete_h5 lambda0=0 lambda0p03=0
PENDING Priority
20260718T002220Z complete_h5 lambda0=0 lambda0p03=0
PENDING QOSGrpGRES
RUNNING None
==== watch start 20260718T002228Z job=14156865 min=2 ====
20260718T002229Z complete_h5 lambda0=0 lambda0p03=0
PENDING QOSGrpGRES
RUNNING None
==== watch start 20260718T002447Z job=14157035 min=2 ====
20260718T002448Z complete_h5 lambda0=0 lambda0p03=0
PENDING QOSMaxGRESPerUser
==== watch start 20260718T002503Z job=14157035 min=2 ====
20260718T002504Z complete_h5 lambda0=0 lambda0p03=0
PENDING QOSMaxGRESPerUser
==== watch start 20260718T002742Z job=14157099 min=2 ====
20260718T002743Z complete_h5 lambda0=0 lambda0p03=0
PENDING Priority
20260718T002749Z complete_h5 lambda0=0 lambda0p03=0
20260718T003043Z complete_h5 lambda0=0 lambda0p03=0
PENDING QOSGrpGRES
RUNNING None
RUNNING None
20260718T003049Z complete_h5 lambda0=0 lambda0p03=0
Job 14157035 no longer queued and threshold not met
